[    0.000000] Linux version 6.11.0-13-generic (buildd@lcy02-amd64-117) (x86_64-linux-gnu-gcc-14 (Ubuntu 14.2.0-4ubuntu2) 14.2.0, GNU ld (GNU Binutils for Ubuntu) 2.43.1) #14-Ubuntu SMP PREEMPT_DYNAMIC Sat Nov 30 23:51:51 UTC 2024 (Ubuntu 6.11.0-13.14-generic 6.11.0)
[    0.000000] Command line: BOOT_IMAGE=/vmlinuz-6.11.0-13-generic root=UUID=88dc15c6-7fee-4d93-ab61-4fc00c0180a7 ro console=tty1 console=ttyS0 net.ifnames=0 biosdevname=0
[    0.000000] KERNEL supported cpus:
[    0.000000]   Intel GenuineIntel
[    0.000000]   AMD AuthenticAMD
[    0.000000]   Hygon HygonGenuine
[    0.000000]   Centaur CentaurHauls
[    0.000000]   zhaoxin   Shanghai  
[    0.000000] BIOS-provided physical RAM map:
[    0.000000] BIOS-e820: [mem 0x0000000000000000-0x000000000009fbff] usable
[    0.000000] BIOS-e820: [mem 0x000000000009fc00-0x000000000009ffff] reserved
[    0.000000] BIOS-e820: [mem 0x00000000000f0000-0x00000000000fffff] reserved
[    0.000000] BIOS-e820: [mem 0x0000000000100000-0x00000000bffdafff] usable
[    0.000000] BIOS-e820: [mem 0x00000000bffdb000-0x00000000bfffffff] reserved
[    0.000000] BIOS-e820: [mem 0x00000000feffc000-0x00000000feffffff] reserved
[    0.000000] BIOS-e820: [mem 0x00000000fffc0000-0x00000000ffffffff] reserved
[    0.000000] BIOS-e820: [mem 0x0000000100000000-0x000000023fffffff] usable
[    0.000000] NX (Execute Disable) protection: active
[    0.000000] APIC: Static calls initialized
[    0.000000] SMBIOS 2.8 present.
[    0.000000] DMI: DigitalOcean Droplet/Droplet, BIOS 20171212 12/12/2017
[    0.000000] DMI: Memory slots populated: 1/1
[    0.000000] Hypervisor detected: KVM
[    0.000000] kvm-clock: Using msrs 4b564d01 and 4b564d00
[    0.000002] kvm-clock: using sched offset of 3287390250 cycles
[    0.000005] clocksource: kvm-clock: mask: 0xffffffffffffffff max_cycles: 0x1cd42e4dffb, max_idle_ns: 881590591483 ns
[    0.000009] tsc: Detected 1995.312 MHz processor
[    0.001288] e820: update [mem 0x00000000-0x00000fff] usable ==> reserved
[    0.001294] e820: remove [mem 0x000a0000-0x000fffff] usable
[    0.001301] last_pfn = 0x240000 max_arch_pfn = 0x400000000
[    0.001380] MTRR map: 4 entries (3 fixed + 1 variable; max 19), built from 8 variable MTRRs
[    0.001385] x86/PAT: Configuration [0-7]: WB  WC  UC- UC  WB  WP  UC- WT  
[    0.001475] last_pfn = 0xbffdb max_arch_pfn = 0x400000000
[    0.013874] found SMP MP-table at [mem 0x000f5b60-0x000f5b6f]
[    0.014870] RAMDISK: [mem 0x34939000-0x36493fff]
[    0.015004] ACPI: Early table checksum verification disabled
[    0.015018] ACPI: RSDP 0x00000000000F5930 000014 (v00 BOCHS )
[    0.015026] ACPI: RSDT 0x00000000BFFE1A6E 000038 (v01 BOCHS  BXPC     00000001 BXPC 00000001)
[    0.015036] ACPI: FACP 0x00000000BFFE1822 000074 (v01 BOCHS  BXPC     00000001 BXPC 00000001)
[    0.015050] ACPI: DSDT 0x00000000BFFE0040 0017E2 (v01 BOCHS  BXPC     00000001 BXPC 00000001)
[    0.015060] ACPI: FACS 0x00000000BFFE0000 000040
[    0.015065] ACPI: APIC 0x00000000BFFE1896 000090 (v01 BOCHS  BXPC     00000001 BXPC 00000001)
[    0.015071] ACPI: HPET 0x00000000BFFE1926 000038 (v01 BOCHS  BXPC     00000001 BXPC 00000001)
[    0.015077] ACPI: SRAT 0x00000000BFFE195E 0000E8 (v01 BOCHS  BXPC     00000001 BXPC 00000001)
[    0.015082] ACPI: WAET 0x00000000BFFE1A46 000028 (v01 BOCHS  BXPC     00000001 BXPC 00000001)
[    0.015087] ACPI: Reserving FACP table memory at [mem 0xbffe1822-0xbffe1895]
[    0.015089] ACPI: Reserving DSDT table memory at [mem 0xbffe0040-0xbffe1821]
[    0.015091] ACPI: Reserving FACS table memory at [mem 0xbffe0000-0xbffe003f]
[    0.015092] ACPI: Reserving APIC table memory at [mem 0xbffe1896-0xbffe1925]
[    0.015093] ACPI: Reserving HPET table memory at [mem 0xbffe1926-0xbffe195d]
[    0.015094] ACPI: Reserving SRAT table memory at [mem 0xbffe195e-0xbffe1a45]
[    0.015095] ACPI: Reserving WAET table memory at [mem 0xbffe1a46-0xbffe1a6d]
[    0.015203] SRAT: PXM 0 -> APIC 0x00 -> Node 0
[    0.015205] SRAT: PXM 0 -> APIC 0x01 -> Node 0
[    0.015206] SRAT: PXM 0 -> APIC 0x02 -> Node 0
[    0.015207] SRAT: PXM 0 -> APIC 0x03 -> Node 0
[    0.015210] ACPI: SRAT: Node 0 PXM 0 [mem 0x00000000-0x0009ffff]
[    0.015213] ACPI: SRAT: Node 0 PXM 0 [mem 0x00100000-0xbfffffff]
[    0.015215] ACPI: SRAT: Node 0 PXM 0 [mem 0x100000000-0x23fffffff]
[    0.015219] NUMA: Node 0 [mem 0x00000000-0x0009ffff] + [mem 0x00100000-0xbfffffff] -> [mem 0x00000000-0xbfffffff]
[    0.015227] NUMA: Node 0 [mem 0x00000000-0xbfffffff] + [mem 0x100000000-0x23fffffff] -> [mem 0x00000000-0x23fffffff]
[    0.015241] NODE_DATA(0) allocated [mem 0x23ffd1000-0x23fffbfff]
[    0.015726] Zone ranges:
[    0.015727]   DMA      [mem 0x0000000000001000-0x0000000000ffffff]
[    0.015730]   DMA32    [mem 0x0000000001000000-0x00000000ffffffff]
[    0.015732]   Normal   [mem 0x0000000100000000-0x000000023fffffff]
[    0.015734]   Device   empty
[    0.015736] Movable zone start for each node
[    0.015740] Early memory node ranges
[    0.015741]   node   0: [mem 0x0000000000001000-0x000000000009efff]
[    0.015743]   node   0: [mem 0x0000000000100000-0x00000000bffdafff]
[    0.015745]   node   0: [mem 0x0000000100000000-0x000000023fffffff]
[    0.015747] Initmem setup node 0 [mem 0x0000000000001000-0x000000023fffffff]
[    0.016079] On node 0, zone DMA: 1 pages in unavailable ranges
[    0.016302] On node 0, zone DMA: 97 pages in unavailable ranges
[    0.307955] On node 0, zone Normal: 37 pages in unavailable ranges
[    0.308519] ACPI: PM-Timer IO Port: 0x608
[    0.308549] ACPI: LAPIC_NMI (acpi_id[0xff] dfl dfl lint[0x1])
[    0.308594] IOAPIC[0]: apic_id 0, version 17, address 0xfec00000, GSI 0-23
[    0.308599] ACPI: INT_SRC_OVR (bus 0 bus_irq 0 global_irq 2 dfl dfl)
[    0.308602] ACPI: INT_SRC_OVR (bus 0 bus_irq 5 global_irq 5 high level)
[    0.308603] ACPI: INT_SRC_OVR (bus 0 bus_irq 9 global_irq 9 high level)
[    0.308605] ACPI: INT_SRC_OVR (bus 0 bus_irq 10 global_irq 10 high level)
[    0.308607] ACPI: INT_SRC_OVR (bus 0 bus_irq 11 global_irq 11 high level)
[    0.308614] ACPI: Using ACPI (MADT) for SMP configuration information
[    0.308616] ACPI: HPET id: 0x8086a201 base: 0xfed00000
[    0.308623] TSC deadline timer available
[    0.308630] CPU topo: Max. logical packages:   1
[    0.308633] CPU topo: Max. logical dies:       1
[    0.308634] CPU topo: Max. dies per package:   1
[    0.308641] CPU topo: Max. threads per core:   1
[    0.308644] CPU topo: Num. cores per package:     4
[    0.308645] CPU topo: Num. threads per package:   4
[    0.308646] CPU topo: Allowing 4 present CPUs plus 0 hotplug CPUs
[    0.308678] kvm-guest: APIC: eoi() replaced with kvm_guest_apic_eoi_write()
[    0.308714] PM: hibernation: Registered nosave memory: [mem 0x00000000-0x00000fff]
[    0.308718] PM: hibernation: Registered nosave memory: [mem 0x0009f000-0x0009ffff]
[    0.308720] PM: hibernation: Registered nosave memory: [mem 0x000a0000-0x000effff]
[    0.308721] PM: hibernation: Registered nosave memory: [mem 0x000f0000-0x000fffff]
[    0.308723] PM: hibernation: Registered nosave memory: [mem 0xbffdb000-0xbfffffff]
[    0.308725] PM: hibernation: Registered nosave memory: [mem 0xc0000000-0xfeffbfff]
[    0.308726] PM: hibernation: Registered nosave memory: [mem 0xfeffc000-0xfeffffff]
[    0.308728] PM: hibernation: Registered nosave memory: [mem 0xff000000-0xfffbffff]
[    0.308729] PM: hibernation: Registered nosave memory: [mem 0xfffc0000-0xffffffff]
[    0.308732] [mem 0xc0000000-0xfeffbfff] available for PCI devices
[    0.308734] Booting paravirtualized kernel on KVM
[    0.308738] clocksource: refined-jiffies: mask: 0xffffffff max_cycles: 0xffffffff, max_idle_ns: 1910969940391419 ns
[    0.308750] setup_percpu: NR_CPUS:8192 nr_cpumask_bits:4 nr_cpu_ids:4 nr_node_ids:1
[    0.311078] percpu: Embedded 88 pages/cpu s237568 r8192 d114688 u524288
[    0.311091] pcpu-alloc: s237568 r8192 d114688 u524288 alloc=1*2097152
[    0.311095] pcpu-alloc: [0] 0 1 2 3 
[    0.311145] kvm-guest: PV spinlocks disabled, no host support
[    0.311147] Kernel command line: BOOT_IMAGE=/vmlinuz-6.11.0-13-generic root=UUID=88dc15c6-7fee-4d93-ab61-4fc00c0180a7 ro console=tty1 console=ttyS0 net.ifnames=0 biosdevname=0
[    0.311283] Unknown kernel command line parameters "BOOT_IMAGE=/vmlinuz-6.11.0-13-generic biosdevname=0", will be passed to user space.
[    0.311299] random: crng init done
[    0.319548] Dentry cache hash table entries: 1048576 (order: 11, 8388608 bytes, linear)
[    0.323656] Inode-cache hash table entries: 524288 (order: 10, 4194304 bytes, linear)
[    0.323860] Fallback order for Node 0: 0 
[    0.323866] Built 1 zonelists, mobility grouping on.  Total pages: 2097017
[    0.323869] Policy zone: Normal
[    0.323881] mem auto-init: stack:all(zero), heap alloc:on, heap free:off
[    0.323889] software IO TLB: area num 4.
[    0.496620] SLUB: HWalign=64, Order=0-3, MinObjects=0, CPUs=4, Nodes=1
[    0.496702] Kernel/User page tables isolation: enabled
[    0.496804] ftrace: allocating 59298 entries in 232 pages
[    0.510559] ftrace: allocated 232 pages with 4 groups
[    0.512289] Dynamic Preempt: voluntary
[    0.512806] rcu: Preemptible hierarchical RCU implementation.
[    0.512809] rcu: 	RCU restricting CPUs from NR_CPUS=8192 to nr_cpu_ids=4.
[    0.512811] 	Trampoline variant of Tasks RCU enabled.
[    0.512812] 	Rude variant of Tasks RCU enabled.
[    0.512813] 	Tracing variant of Tasks RCU enabled.
[    0.512814] rcu: RCU calculated value of scheduler-enlistment delay is 100 jiffies.
[    0.512815] rcu: Adjusting geometry for rcu_fanout_leaf=16, nr_cpu_ids=4
[    0.512823] RCU Tasks: Setting shift to 2 and lim to 1 rcu_task_cb_adjust=1.
[    0.512826] RCU Tasks Rude: Setting shift to 2 and lim to 1 rcu_task_cb_adjust=1.
[    0.512827] RCU Tasks Trace: Setting shift to 2 and lim to 1 rcu_task_cb_adjust=1.
[    0.519431] NR_IRQS: 524544, nr_irqs: 456, preallocated irqs: 16
[    0.519739] rcu: srcu_init: Setting srcu_struct sizes based on contention.
[    0.534110] Console: colour VGA+ 80x25
[    0.534121] printk: legacy console [tty1] enabled
[    0.632132] printk: legacy console [ttyS0] enabled
[    0.891825] ACPI: Core revision 20240322
[    0.893369] clocksource: hpet: mask: 0xffffffff max_cycles: 0xffffffff, max_idle_ns: 19112604467 ns
[    0.895681] APIC: Switch to symmetric I/O mode setup
[    0.897271] x2apic enabled
[    0.898657] APIC: Switched APIC routing to: physical x2apic
[    0.901907] ..TIMER: vector=0x30 apic1=0 pin1=2 apic2=-1 pin2=-1
[    0.903409] clocksource: tsc-early: mask: 0xffffffffffffffff max_cycles: 0x3985c314e25, max_idle_ns: 881590612270 ns
[    0.905852] Calibrating delay loop (skipped) preset value.. 3990.62 BogoMIPS (lpj=1995312)
[    0.908349] Last level iTLB entries: 4KB 0, 2MB 0, 4MB 0
[    0.909269] Last level dTLB entries: 4KB 0, 2MB 0, 4MB 0, 1GB 0
[    0.910865] Spectre V1 : Mitigation: usercopy/swapgs barriers and __user pointer sanitization
[    0.912854] Spectre V2 : Mitigation: Retpolines
[    0.914255] Spectre V2 : Spectre v2 / SpectreRSB mitigation: Filling RSB on context switch
[    0.915851] Spectre V2 : Spectre v2 / SpectreRSB : Filling RSB on VMEXIT
[    0.917850] Spectre V2 : Enabling Restricted Speculation for firmware calls
[    0.919370] Spectre V2 : mitigation: Enabling conditional Indirect Branch Prediction Barrier
[    0.920854] Speculative Store Bypass: Mitigation: Speculative Store Bypass disabled via prctl
[    0.922864] MDS: Mitigation: Clear CPU buffers
[    0.924222] MMIO Stale Data: Vulnerable: Clear CPU buffers attempted, no microcode
[    0.925926] x86/fpu: Supporting XSAVE feature 0x001: 'x87 floating point registers'
[    0.927858] x86/fpu: Supporting XSAVE feature 0x002: 'SSE registers'
[    0.929852] x86/fpu: Supporting XSAVE feature 0x004: 'AVX registers'
[    0.931322] x86/fpu: xstate_offset[2]:  576, xstate_sizes[2]:  256
[    0.932850] x86/fpu: Enabled xstate features 0x7, context size is 832 bytes, using 'standard' format.
[    0.978295] Freeing SMP alternatives memory: 48K
[    0.979239] pid_max: default: 32768 minimum: 301
[    0.980356] LSM: initializing lsm=lockdown,capability,landlock,yama,apparmor,ima,evm
[    0.981517] landlock: Up and running.
[    0.982191] Yama: becoming mindful.
[    0.983369] AppArmor: AppArmor initialized
[    0.985085] Mount-cache hash table entries: 16384 (order: 5, 131072 bytes, linear)
[    0.987035] Mountpoint-cache hash table entries: 16384 (order: 5, 131072 bytes, linear)
[    0.990806] smpboot: CPU0: Intel DO-Regular (family: 0x6, model: 0x4f, stepping: 0x1)
[    0.992527] Performance Events: unsupported p6 CPU model 79 no PMU driver, software events only.
[    0.993566] signal: max sigframe size: 1776
[    0.994449] rcu: Hierarchical SRCU implementation.
[    0.995246] rcu: 	Max phase no-delay instances is 400.
[    0.996484] Timer migration: 1 hierarchy levels; 8 children per group; 1 crossnode level
[    0.998201] NMI watchdog: Perf NMI watchdog permanently disabled
[    0.999620] smp: Bringing up secondary CPUs ...
[    1.000809] smpboot: x86: Booting SMP configuration:
[    1.001315] .... node  #0, CPUs:      #1 #2 #3
[    1.004925] smp: Brought up 1 node, 4 CPUs
[    1.006801] smpboot: Total of 4 processors activated (15962.49 BogoMIPS)
[    1.007978] Memory: 8087008K/8388068K available (22528K kernel code, 4521K rwdata, 14936K rodata, 4956K init, 4664K bss, 293252K reserved, 0K cma-reserved)
[    1.010364] devtmpfs: initialized
[    1.011321] x86/mm: Memory block size: 128MB
[    1.014085] clocksource: jiffies: mask: 0xffffffff max_cycles: 0xffffffff, max_idle_ns: 1911260446275000 ns
[    1.015540] futex hash table entries: 1024 (order: 4, 65536 bytes, linear)
[    1.016418] pinctrl core: initialized pinctrl subsystem
[    1.017388] PM: RTC time: 07:24:33, date: 2025-01-12
[    1.021781] NET: Registered PF_NETLINK/PF_ROUTE protocol family
[    1.023843] DMA: preallocated 1024 KiB GFP_KERNEL pool for atomic allocations
[    1.025025] DMA: preallocated 1024 KiB GFP_KERNEL|GFP_DMA pool for atomic allocations
[    1.026455] DMA: preallocated 1024 KiB GFP_KERNEL|GFP_DMA32 pool for atomic allocations
[    1.027343] audit: initializing netlink subsys (disabled)
[    1.028974] audit: type=2000 audit(1736666673.713:1): state=initialized audit_enabled=0 res=1
[    1.029167] thermal_sys: Registered thermal governor 'fair_share'
[    1.030566] thermal_sys: Registered thermal governor 'bang_bang'
[    1.031230] thermal_sys: Registered thermal governor 'step_wise'
[    1.032212] thermal_sys: Registered thermal governor 'user_space'
[    1.033207] thermal_sys: Registered thermal governor 'power_allocator'
[    1.034357] EISA bus registered
[    1.035873] cpuidle: using governor ladder
[    1.036650] cpuidle: using governor menu
[    1.037418] acpiphp: ACPI Hot Plug PCI Controller Driver version: 0.5
[    1.038682] PCI: Using configuration type 1 for base access
[    1.039674] kprobes: kprobe jump-optimization is enabled. All kprobes are optimized if possible.
[    1.043215] HugeTLB: registered 2.00 MiB page size, pre-allocated 0 pages
[    1.044290] HugeTLB: 28 KiB vmemmap can be freed for a 2.00 MiB page
[    1.048189] ACPI: Added _OSI(Module Device)
[    1.049169] ACPI: Added _OSI(Processor Device)
[    1.049850] ACPI: Added _OSI(3.0 _SCP Extensions)
[    1.050763] ACPI: Added _OSI(Processor Aggregator Device)
[    1.052364] ACPI: 1 ACPI AML tables successfully acquired and loaded
[    1.084706] ACPI: Interpreter enabled
[    1.084845] ACPI: PM: (supports S0 S5)
[    1.084845] ACPI: Using IOAPIC for interrupt routing
[    1.087072] PCI: Using host bridge windows from ACPI; if necessary, use "pci=nocrs" and report a bug
[    1.089456] PCI: Using E820 reservations for host bridge windows
[    1.090383] ACPI: Enabled 2 GPEs in block 00 to 0F
[    1.096064] ACPI: PCI Root Bridge [PCI0] (domain 0000 [bus 00-ff])
[    1.097307] acpi PNP0A03:00: _OSC: OS supports [ASPM ClockPM Segments MSI EDR HPX-Type3]
[    1.098435] acpi PNP0A03:00: _OSC: not requesting OS control; OS requires [ExtendedConfig ASPM ClockPM MSI]
[    1.100423] acpi PNP0A03:00: fail to add MMCONFIG information, can't access extended configuration space under this bridge
[    1.103104] acpiphp: Slot [3] registered
[    1.103872] acpiphp: Slot [4] registered
[    1.104760] acpiphp: Slot [5] registered
[    1.106154] acpiphp: Slot [6] registered
[    1.106879] acpiphp: Slot [7] registered
[    1.107825] acpiphp: Slot [8] registered
[    1.108150] acpiphp: Slot [9] registered
[    1.108879] acpiphp: Slot [10] registered
[    1.109670] acpiphp: Slot [11] registered
[    1.111249] acpiphp: Slot [12] registered
[    1.111913] acpiphp: Slot [13] registered
[    1.112873] acpiphp: Slot [14] registered
[    1.113877] acpiphp: Slot [15] registered
[    1.114624] acpiphp: Slot [16] registered
[    1.115145] acpiphp: Slot [17] registered
[    1.115885] acpiphp: Slot [18] registered
[    1.116778] acpiphp: Slot [19] registered
[    1.118167] acpiphp: Slot [20] registered
[    1.118927] acpiphp: Slot [21] registered
[    1.119893] acpiphp: Slot [22] registered
[    1.120892] acpiphp: Slot [23] registered
[    1.121893] acpiphp: Slot [24] registered
[    1.122814] acpiphp: Slot [25] registered
[    1.123272] acpiphp: Slot [26] registered
[    1.124249] acpiphp: Slot [27] registered
[    1.126281] acpiphp: Slot [28] registered
[    1.127251] acpiphp: Slot [29] registered
[    1.128266] acpiphp: Slot [30] registered
[    1.129253] acpiphp: Slot [31] registered
[    1.130272] PCI host bridge to bus 0000:00
[    1.131243] pci_bus 0000:00: root bus resource [io  0x0000-0x0cf7 window]
[    1.132358] pci_bus 0000:00: root bus resource [io  0x0d00-0xffff window]
[    1.172868] pci_bus 0000:00: root bus resource [mem 0x000a0000-0x000bffff window]
[    1.174322] pci_bus 0000:00: root bus resource [mem 0xc0000000-0xfebfffff window]
[    1.176282] pci_bus 0000:00: root bus resource [mem 0x240000000-0x2bfffffff window]
[    1.177320] pci_bus 0000:00: root bus resource [bus 00-ff]
[    1.178297] pci 0000:00:00.0: [8086:1237] type 00 class 0x060000 conventional PCI endpoint
[    1.181419] pci 0000:00:01.0: [8086:7000] type 00 class 0x060100 conventional PCI endpoint
[    1.183112] pci 0000:00:01.1: [8086:7010] type 00 class 0x010180 conventional PCI endpoint
[    1.188721] pci 0000:00:01.1: BAR 4 [io  0xc1e0-0xc1ef]
[    1.191643] pci 0000:00:01.1: BAR 0 [io  0x01f0-0x01f7]: legacy IDE quirk
[    1.192264] pci 0000:00:01.1: BAR 1 [io  0x03f6]: legacy IDE quirk
[    1.193194] pci 0000:00:01.1: BAR 2 [io  0x0170-0x0177]: legacy IDE quirk
[    1.194198] pci 0000:00:01.1: BAR 3 [io  0x0376]: legacy IDE quirk
[    1.197502] pci 0000:00:01.2: [8086:7020] type 00 class 0x0c0300 conventional PCI endpoint
[    1.205418] pci 0000:00:01.2: BAR 4 [io  0xc180-0xc19f]
[    1.210664] pci 0000:00:01.3: [8086:7113] type 00 class 0x068000 conventional PCI endpoint
[    1.212959] pci 0000:00:01.3: quirk: [io  0x0600-0x063f] claimed by PIIX4 ACPI
[    1.214861] pci 0000:00:01.3: quirk: [io  0x0700-0x070f] claimed by PIIX4 SMB
[    1.216257] pci 0000:00:02.0: [1af4:1050] type 00 class 0x030000 conventional PCI endpoint
[    1.219938] pci 0000:00:02.0: BAR 0 [mem 0xfe000000-0xfe7fffff pref]
[    1.230028] pci 0000:00:02.0: BAR 2 [mem 0xfe800000-0xfe803fff 64bit pref]
[    1.268845] pci 0000:00:02.0: BAR 4 [mem 0xfebf0000-0xfebf0fff]
[    1.275941] pci 0000:00:02.0: ROM [mem 0xfebe0000-0xfebeffff pref]
[    1.280178] pci 0000:00:02.0: Video device with shadowed ROM at [mem 0x000c0000-0x000dffff]
[    1.283890] pci 0000:00:03.0: [1af4:1000] type 00 class 0x020000 conventional PCI endpoint
[    1.287786] pci 0000:00:03.0: BAR 0 [io  0xc1a0-0xc1bf]
[    1.292736] pci 0000:00:03.0: BAR 1 [mem 0xfebf1000-0xfebf1fff]
[    1.300878] pci 0000:00:03.0: BAR 4 [mem 0xfe804000-0xfe807fff 64bit pref]
[    1.311087] pci 0000:00:04.0: [1af4:1000] type 00 class 0x020000 conventional PCI endpoint
[    1.314855] pci 0000:00:04.0: BAR 0 [io  0xc1c0-0xc1df]
[    1.317757] pci 0000:00:04.0: BAR 1 [mem 0xfebf2000-0xfebf2fff]
[    1.326859] pci 0000:00:04.0: BAR 4 [mem 0xfe808000-0xfe80bfff 64bit pref]
[    1.366352] pci 0000:00:05.0: [1af4:1004] type 00 class 0x010000 conventional PCI endpoint
[    1.370696] pci 0000:00:05.0: BAR 0 [io  0xc100-0xc13f]
[    1.373857] pci 0000:00:05.0: BAR 1 [mem 0xfebf3000-0xfebf3fff]
[    1.384858] pci 0000:00:05.0: BAR 4 [mem 0xfe80c000-0xfe80ffff 64bit pref]
[    1.396367] pci 0000:00:06.0: [1af4:1001] type 00 class 0x010000 conventional PCI endpoint
[    1.399617] pci 0000:00:06.0: BAR 0 [io  0xc000-0xc07f]
[    1.402857] pci 0000:00:06.0: BAR 1 [mem 0xfebf4000-0xfebf4fff]
[    1.411857] pci 0000:00:06.0: BAR 4 [mem 0xfe810000-0xfe813fff 64bit pref]
[    1.421330] pci 0000:00:07.0: [1af4:1001] type 00 class 0x010000 conventional PCI endpoint
[    1.424611] pci 0000:00:07.0: BAR 0 [io  0xc080-0xc0ff]
[    1.427861] pci 0000:00:07.0: BAR 1 [mem 0xfebf5000-0xfebf5fff]
[    1.462860] pci 0000:00:07.0: BAR 4 [mem 0xfe814000-0xfe817fff 64bit pref]
[    1.469641] pci 0000:00:08.0: [1af4:1002] type 00 class 0x00ff00 conventional PCI endpoint
[    1.473730] pci 0000:00:08.0: BAR 0 [io  0xc140-0xc17f]
[    1.483857] pci 0000:00:08.0: BAR 4 [mem 0xfe818000-0xfe81bfff 64bit pref]
[    1.508109] ACPI: PCI: Interrupt link LNKA configured for IRQ 10
[    1.508970] ACPI: PCI: Interrupt link LNKB configured for IRQ 10
[    1.557104] ACPI: PCI: Interrupt link LNKC configured for IRQ 11
[    1.558372] ACPI: PCI: Interrupt link LNKD configured for IRQ 11
[    1.559419] ACPI: PCI: Interrupt link LNKS configured for IRQ 9
[    1.563414] iommu: Default domain type: Translated
[    1.564269] iommu: DMA domain TLB invalidation policy: lazy mode
[    1.566472] SCSI subsystem initialized
[    1.568435] libata version 3.00 loaded.
[    1.568435] ACPI: bus type USB registered
[    1.569315] usbcore: registered new interface driver usbfs
[    1.571334] usbcore: registered new interface driver hub
[    1.572378] usbcore: registered new device driver usb
[    1.573358] pps_core: LinuxPPS API ver. 1 registered
[    1.575354] pps_core: Software ver. 5.3.6 - Copyright 2005-2007 Rodolfo Giometti <giometti@linux.it>
[    1.576386] PTP clock support registered
[    1.577956] EDAC MC: Ver: 3.0.0
[    1.579765] NetLabel: Initializing
[    1.581124] NetLabel:  domain hash size = 128
[    1.581850] NetLabel:  protocols = UNLABELED CIPSOv4 CALIPSO
[    1.582962] NetLabel:  unlabeled traffic allowed by default
[    1.584111] mctp: management component transport protocol core
[    1.585216] NET: Registered PF_MCTP protocol family
[    1.586234] PCI: Using ACPI for IRQ routing
[    1.586858] PCI: pci_cache_line_size set to 64 bytes
[    1.587091] e820: reserve RAM buffer [mem 0x0009fc00-0x0009ffff]
[    1.587109] e820: reserve RAM buffer [mem 0xbffdb000-0xbfffffff]
[    1.587901] pci 0000:00:02.0: vgaarb: setting as boot VGA device
[    1.588845] pci 0000:00:02.0: vgaarb: bridge control possible
[    1.588845] pci 0000:00:02.0: vgaarb: VGA device added: decodes=io+mem,owns=io+mem,locks=none
[    1.591862] vgaarb: loaded
[    1.592923] hpet0: at MMIO 0xfed00000, IRQs 2, 8, 0
[    1.593852] hpet0: 3 comparators, 64-bit 100.000000 MHz counter
[    1.598044] clocksource: Switched to clocksource kvm-clock
[    1.599970] VFS: Disk quotas dquot_6.6.0
[    1.600916] VFS: Dquot-cache hash table entries: 512 (order 0, 4096 bytes)
[    1.603023] AppArmor: AppArmor Filesystem Enabled
[    1.604032] pnp: PnP ACPI init
[    1.653636] pnp: PnP ACPI: found 4 devices
[    1.663534] clocksource: acpi_pm: mask: 0xffffff max_cycles: 0xffffff, max_idle_ns: 2085701024 ns
[    1.665244] NET: Registered PF_INET protocol family
[    1.667643] IP idents hash table entries: 131072 (order: 8, 1048576 bytes, linear)
[    1.699948] tcp_listen_portaddr_hash hash table entries: 4096 (order: 4, 65536 bytes, linear)
[    1.701564] Table-perturb hash table entries: 65536 (order: 6, 262144 bytes, linear)
[    1.703180] TCP established hash table entries: 65536 (order: 7, 524288 bytes, linear)
[    1.755189] TCP bind hash table entries: 65536 (order: 9, 2097152 bytes, linear)
[    1.756760] TCP: Hash tables configured (established 65536 bind 65536)
[    1.758158] MPTCP token hash table entries: 8192 (order: 5, 196608 bytes, linear)
[    1.759771] UDP hash table entries: 4096 (order: 5, 131072 bytes, linear)
[    1.760955] UDP-Lite hash table entries: 4096 (order: 5, 131072 bytes, linear)
[    1.762407] NET: Registered PF_UNIX/PF_LOCAL protocol family
[    1.763424] NET: Registered PF_XDP protocol family
[    1.764491] pci_bus 0000:00: resource 4 [io  0x0000-0x0cf7 window]
[    1.765676] pci_bus 0000:00: resource 5 [io  0x0d00-0xffff window]
[    1.766765] pci_bus 0000:00: resource 6 [mem 0x000a0000-0x000bffff window]
[    1.767903] pci_bus 0000:00: resource 7 [mem 0xc0000000-0xfebfffff window]
[    1.769201] pci_bus 0000:00: resource 8 [mem 0x240000000-0x2bfffffff window]
[    1.770844] pci 0000:00:01.0: PIIX3: Enabling Passive Release
[    1.772144] pci 0000:00:00.0: Limiting direct PCI/PCI transfers
[    1.801676] ACPI: \_SB_.LNKD: Enabled at IRQ 11
[    1.879739] pci 0000:00:01.2: quirk_usb_early_handoff+0x0/0x170 took 103786 usecs
[    1.881361] PCI: CLS 0 bytes, default 64
[    1.882500] Trying to unpack rootfs image as initramfs...
[    1.883210] PCI-DMA: Using software bounce buffering for IO (SWIOTLB)
[    1.884940] software IO TLB: mapped [mem 0x00000000bbfdb000-0x00000000bffdb000] (64MB)
[    1.887061] clocksource: tsc: mask: 0xffffffffffffffff max_cycles: 0x3985c314e25, max_idle_ns: 881590612270 ns
[    1.890740] Initialise system trusted keyrings
[    1.891973] Key type blacklist registered
[    1.893321] workingset: timestamp_bits=36 max_order=21 bucket_order=0
[    1.894877] zbud: loaded
[    1.896050] squashfs: version 4.0 (2009/01/31) Phillip Lougher
[    1.897529] fuse: init (API version 7.40)
[    1.898767] integrity: Platform Keyring initialized
[    1.899737] integrity: Machine keyring initialized
[    1.919998] Key type asymmetric registered
[    1.954556] Asymmetric key parser 'x509' registered
[    1.955543] Block layer SCSI generic (bsg) driver version 0.4 loaded (major 243)
[    1.957202] io scheduler mq-deadline registered
[    1.958714] shpchp: Standard Hot Plug PCI Controller Driver version: 0.4
[    1.960429] input: Power Button as /devices/LNXSYSTM:00/LNXPWRBN:00/input/input0
[    1.961977] ACPI: button: Power Button [PWRF]
[    1.989494] ACPI: \_SB_.LNKB: Enabled at IRQ 10
[    2.057333] ACPI: \_SB_.LNKC: Enabled at IRQ 11
[    2.158093] ACPI: \_SB_.LNKA: Enabled at IRQ 10
[    2.261900] Freeing initrd memory: 28012K
[    2.284324] Serial: 8250/16550 driver, 32 ports, IRQ sharing enabled
[    2.357051] 00:00: ttyS0 at I/O 0x3f8 (irq = 4, base_baud = 115200) is a 16550A
[    2.364185] Linux agpgart interface v0.103
[    2.370177] loop: module loaded
[    2.371014] virtio_blk virtio4: 1/0/0 default/read/poll queues
[    2.373046] virtio_blk virtio4: [vda] 335544320 512-byte logical blocks (172 GB/160 GiB)
[    2.378701]  vda: vda1 vda13 vda14 vda15
[    2.380274] virtio_blk virtio5: 1/0/0 default/read/poll queues
[    2.382310] virtio_blk virtio5: [vdb] 976 512-byte logical blocks (500 kB/488 KiB)
[    2.386421] virtio_scsi virtio3: 4/0/0 default/read/poll queues
[    2.389544] scsi host0: Virtio SCSI HBA
[    2.394511] ata_piix 0000:00:01.1: version 2.13
[    2.396403] scsi host1: ata_piix
[    2.397611] scsi host2: ata_piix
[    2.398613] ata1: PATA max MWDMA2 cmd 0x1f0 ctl 0x3f6 bmdma 0xc1e0 irq 14 lpm-pol 0
[    2.400539] ata2: PATA max MWDMA2 cmd 0x170 ctl 0x376 bmdma 0xc1e8 irq 15 lpm-pol 0
[    2.402857] ACPI: bus type drm_connector registered
[    2.404773] tun: Universal TUN/TAP device driver, 1.6
[    2.456693] PPP generic driver version 2.4.2
[    2.480918] uhci_hcd 0000:00:01.2: UHCI Host Controller
[    2.482115] uhci_hcd 0000:00:01.2: new USB bus registered, assigned bus number 1
[    2.483553] uhci_hcd 0000:00:01.2: detected 2 ports
[    2.484675] uhci_hcd 0000:00:01.2: irq 11, io port 0x0000c180
[    2.486032] usb usb1: New USB device found, idVendor=1d6b, idProduct=0001, bcdDevice= 6.11
[    2.487576] usb usb1: New USB device strings: Mfr=3, Product=2, SerialNumber=1
[    2.488944] usb usb1: Product: UHCI Host Controller
[    2.490033] usb usb1: Manufacturer: Linux 6.11.0-13-generic uhci_hcd
[    2.491181] usb usb1: SerialNumber: 0000:00:01.2
[    2.492528] hub 1-0:1.0: USB hub found
[    2.493273] hub 1-0:1.0: 2 ports detected
[    2.494598] i8042: PNP: PS/2 Controller [PNP0303:KBD,PNP0f13:MOU] at 0x60,0x64 irq 1,12
[    2.497064] serio: i8042 KBD port at 0x60,0x64 irq 1
[    2.498051] serio: i8042 AUX port at 0x60,0x64 irq 12
[    2.499452] mousedev: PS/2 mouse device common for all mice
[    2.500959] rtc_cmos 00:03: RTC can wake from S4
[    2.502589] rtc_cmos 00:03: registered as rtc0
[    2.503667] rtc_cmos 00:03: setting system clock to 2025-01-12T07:24:35 UTC (1736666675)
[    2.553823] input: AT Translated Set 2 keyboard as /devices/platform/i8042/serio0/input/input1
[    2.555321] rtc_cmos 00:03: alarms up to one day, y3k, 242 bytes nvram
[    2.557524] i2c_dev: i2c /dev entries driver
[    2.558679] device-mapper: core: CONFIG_IMA_DISABLE_HTABLE is disabled. Duplicate IMA measurements will not be recorded in the IMA log.
[    2.561181] device-mapper: uevent: version 1.0.3
[    2.562575] device-mapper: ioctl: 4.48.0-ioctl (2023-03-01) initialised: dm-devel@lists.linux.dev
[    2.564241] platform eisa.0: Probing EISA bus 0
[    2.565152] platform eisa.0: EISA: Cannot allocate resource for mainboard
[    2.566576] platform eisa.0: Cannot allocate resource for EISA slot 1
[    2.567777] platform eisa.0: Cannot allocate resource for EISA slot 2
[    2.569030] platform eisa.0: Cannot allocate resource for EISA slot 3
[    2.570408] platform eisa.0: Cannot allocate resource for EISA slot 4
[    2.571692] platform eisa.0: Cannot allocate resource for EISA slot 5
[    2.572914] platform eisa.0: Cannot allocate resource for EISA slot 6
[    2.574414] platform eisa.0: Cannot allocate resource for EISA slot 7
[    2.575928] platform eisa.0: Cannot allocate resource for EISA slot 8
[    2.577483] platform eisa.0: EISA: Detected 0 cards
[    2.578651] intel_pstate: CPU model not supported
[    2.579773] ledtrig-cpu: registered to indicate activity on CPUs
[    2.581085] drop_monitor: Initializing network drop monitor service
[    2.582862] NET: Registered PF_INET6 protocol family
[    2.596408] Segment Routing with IPv6
[    2.597202] In-situ OAM (IOAM) with IPv6
[    2.598134] NET: Registered PF_PACKET protocol family
[    2.599172] Key type dns_resolver registered
[    2.600854] resctrl: No MBM correction factor available
[    2.601871] IPI shorthand broadcast: enabled
[    2.605088] sched_clock: Marking stable (2225005120, 379096118)->(2840712002, -236610764)
[    2.607121] registered taskstats version 1
[    2.608689] Loading compiled-in X.509 certificates
[    2.610502] Loaded X.509 cert 'Build time autogenerated kernel key: c48a327cfc6cc1e7e773c4ff5a175e09d6e0ea1f'
[    2.612995] Loaded X.509 cert 'Canonical Ltd. Live Patch Signing: 14df34d1a87cf37625abec039ef2bf521249b969'
[    2.615506] Loaded X.509 cert 'Canonical Ltd. Kernel Module Signing: 88f752e560a1e0737e31163a466ad7b70a850c19'
[    2.657729] blacklist: Loading compiled-in revocation X.509 certificates
[    2.659040] Loaded X.509 cert 'Canonical Ltd. Secure Boot Signing: 61482aa2830d0ab2ad5af10b7250da9033ddcef0'
[    2.660779] Loaded X.509 cert 'Canonical Ltd. Secure Boot Signing (2017): 242ade75ac4a15e50d50c84b0d45ff3eae707a03'
[    2.662722] Loaded X.509 cert 'Canonical Ltd. Secure Boot Signing (ESM 2018): 365188c1d374d6b07c3c8f240f8ef722433d6a8b'
[    2.664789] Loaded X.509 cert 'Canonical Ltd. Secure Boot Signing (2019): c0746fd6c5da3ae827864651ad66ae47fe24b3e8'
[    2.667081] Loaded X.509 cert 'Canonical Ltd. Secure Boot Signing (2021 v1): a8d54bbb3825cfb94fa13c9f8a594a195c107b8d'
[    2.669439] Loaded X.509 cert 'Canonical Ltd. Secure Boot Signing (2021 v2): 4cf046892d6fd3c9a5b03f98d845f90851dc6a8c'
[    2.671698] Loaded X.509 cert 'Canonical Ltd. Secure Boot Signing (2021 v3): 100437bb6de6e469b581e61cd66bce3ef4ed53af'
[    2.673870] Loaded X.509 cert 'Canonical Ltd. Secure Boot Signing (Ubuntu Core 2019): c1d57b8f6b743f23ee41f4f7ee292f06eecadfb9'
[    2.682329] Demotion targets for Node 0: null
[    2.683954] Key type .fscrypt registered
[    2.684889] Key type fscrypt-provisioning registered
[    2.695984] cryptd: max_cpu_qlen set to 1000
[    2.702089] AES CTR mode by8 optimization enabled
[    2.725704] Key type encrypted registered
[    2.726528] AppArmor: AppArmor sha256 policy hashing enabled
[    2.727584] ima: No TPM chip found, activating TPM-bypass!
[    2.728549] Loading compiled-in module X.509 certificates
[    2.730151] Loaded X.509 cert 'Build time autogenerated kernel key: c48a327cfc6cc1e7e773c4ff5a175e09d6e0ea1f'
[    2.732000] ima: Allocated hash algorithm: sha256
[    2.732914] ima: No architecture policies found
[    2.733830] evm: Initialising EVM extended attributes:
[    2.734736] evm: security.selinux
[    2.735367] evm: security.SMACK64
[    2.735977] evm: security.SMACK64EXEC
[    2.736671] evm: security.SMACK64TRANSMUTE
[    2.737528] evm: security.SMACK64MMAP
[    2.738375] evm: security.apparmor
[    2.739036] evm: security.ima
[    2.739664] evm: security.capability
[    2.740336] evm: HMAC attrs: 0x1
[    2.753899] PM:   Magic number: 9:983:419
[    2.760276] RAS: Correctable Errors collector initialized.
[    2.777918] clk: Disabling unused clocks
[    2.778743] PM: genpd: Disabling unused power domains
[    2.799178] Freeing unused decrypted memory: 2028K
[    2.854583] Freeing unused kernel image (initmem) memory: 4956K
[    2.855641] Write protecting the kernel read-only data: 38912k
[    2.858768] Freeing unused kernel image (rodata/data gap) memory: 1448K
[    2.974267] x86/mm: Checked W+X mappings: passed, no W+X pages found.
[    2.975414] x86/mm: Checking user space page tables
[    3.090168] x86/mm: Checked W+X mappings: passed, no W+X pages found.
[    3.091180] Run /init as init process
[    3.091727]   with arguments:
[    3.091729]     /init
[    3.091731]   with environment:
[    3.091732]     HOME=/
[    3.091737]     TERM=linux
[    3.091738]     BOOT_IMAGE=/vmlinuz-6.11.0-13-generic
[    3.091740]     biosdevname=0
[    3.298332] input: VirtualPS/2 VMware VMMouse as /devices/platform/i8042/serio1/input/input4
[    3.298810] [drm] pci: virtio-vga detected at 0000:00:02.0
[    3.299890] input: VirtualPS/2 VMware VMMouse as /devices/platform/i8042/serio1/input/input3
[    3.300234] virtio-pci 0000:00:02.0: vgaarb: deactivate vga console
[    3.306515] Console: switching to colour dummy device 80x25
[    3.307353] [drm] features: -virgl +edid -resource_blob -host_visible
[    3.307357] [drm] features: -context_init
[    3.308921] [drm] number of scanouts: 1
[    3.309343] [drm] number of cap sets: 0
[    3.354267] [drm] Initialized virtio_gpu 0.1.0 for 0000:00:02.0 on minor 0
[    3.360935] fbcon: virtio_gpudrmfb (fb0) is primary device
[    3.365452] Console: switching to colour frame buffer device 128x48
[    3.371969] virtio-pci 0000:00:02.0: [drm] fb0: virtio_gpudrmfb frame buffer device
[    3.545123] raid6: avx2x4   gen() 22458 MB/s
[    3.562111] raid6: avx2x2   gen() 20591 MB/s
[    3.579113] raid6: avx2x1   gen() 14059 MB/s
[    3.579553] raid6: using algorithm avx2x4 gen() 22458 MB/s
[    3.596119] raid6: .... xor() 8332 MB/s, rmw enabled
[    3.596554] raid6: using avx2x2 recovery algorithm
[    3.598790] xor: automatically using best checksumming function   avx       
[    3.601619] async_tx: api initialized (async)
[    3.953601] Btrfs loaded, zoned=yes, fsverity=yes
[    4.035157] EXT4-fs (vda1): mounted filesystem 88dc15c6-7fee-4d93-ab61-4fc00c0180a7 ro with ordered data mode. Quota mode: none.
[    4.289282] systemd[1]: Inserted module 'autofs4'
[    4.319789] systemd[1]: systemd 256.5-2ubuntu3.1 running in system mode (+PAM +AUDIT +SELINUX +APPARMOR +IMA +SMACK +SECCOMP +GCRYPT -GNUTLS +OPENSSL +ACL +BLKID +CURL +ELFUTILS +FIDO2 +IDN2 -IDN +IPTC +KMOD +LIBCRYPTSETUP +LIBCRYPTSETUP_PLUGINS +LIBFDISK +PCRE2 +PWQUALITY +P11KIT +QRENCODE +TPM2 +BZIP2 +LZ4 +XZ +ZLIB +ZSTD +BPF_FRAMEWORK -XKBCOMMON +UTMP +SYSVINIT +LIBARCHIVE)
[    4.324215] systemd[1]: Detected virtualization kvm.
[    4.326225] systemd[1]: Detected architecture x86-64.
[    4.331704] systemd[1]: Hostname set to <ubuntu-hcl-4c-8g-mt-01>.
[    4.467783] systemd[1]: bpf-restrict-fs: BPF LSM hook not enabled in the kernel, BPF LSM not supported.
[    4.525524] Guest personality initialized and is inactive
[    4.526625] VMCI host device registered (name=vmci, major=10, minor=122)
[    4.527871] Initialized host personality
[    4.534945] NET: Registered PF_VSOCK protocol family
[    4.684433] systemd[1]: Configuration file /run/systemd/system/systemd-networkd-wait-online.service.d/10-netplan.conf is marked world-inaccessible. This has no effect as configuration data is accessible via APIs without restrictions. Proceeding anyway.
[    4.690527] systemd[1]: Configuration file /run/systemd/system/netplan-ovs-cleanup.service is marked world-inaccessible. This has no effect as configuration data is accessible via APIs without restrictions. Proceeding anyway.
[    4.989163] systemd[1]: Queued start job for default target graphical.target.
[    5.016760] systemd[1]: Created slice machine.slice - Virtual Machine and Container Slice.
[    5.023310] systemd[1]: Created slice system-modprobe.slice - Slice /system/modprobe.
[    5.027780] systemd[1]: Created slice system-serial\x2dgetty.slice - Slice /system/serial-getty.
[    5.032375] systemd[1]: Created slice system-systemd\x2dfsck.slice - Slice /system/systemd-fsck.
[    5.036754] systemd[1]: Created slice user.slice - User and Session Slice.
[    5.041235] systemd[1]: Started systemd-ask-password-wall.path - Forward Password Requests to Wall Directory Watch.
[    5.045021] systemd[1]: Set up automount proc-sys-fs-binfmt_misc.automount - Arbitrary Executable File Formats File System Automount Point.
[    5.048856] systemd[1]: Expecting device dev-disk-by\x2dlabel-BOOT.device - /dev/disk/by-label/BOOT...
[    5.051958] systemd[1]: Expecting device dev-disk-by\x2dlabel-UEFI.device - /dev/disk/by-label/UEFI...
[    5.055237] systemd[1]: Expecting device dev-ttyS0.device - /dev/ttyS0...
[    5.058421] systemd[1]: Reached target integritysetup.target - Local Integrity Protected Volumes.
[    5.062123] systemd[1]: Reached target slices.target - Slice Units.
[    5.064661] systemd[1]: Reached target snapd.mounts-pre.target - Mounting snaps.
[    5.067436] systemd[1]: Reached target snapd.mounts.target - Mounted snaps.
[    5.070296] systemd[1]: Reached target swap.target - Swaps.
[    5.073739] systemd[1]: Reached target veritysetup.target - Local Verity Protected Volumes.
[    5.076945] systemd[1]: Reached target virt-guest-shutdown.target - libvirt guests shutdown target.
[    5.080581] systemd[1]: Listening on dm-event.socket - Device-mapper event daemon FIFOs.
[    5.084519] systemd[1]: Listening on lvm2-lvmpolld.socket - LVM2 poll daemon socket.
[    5.088584] systemd[1]: Listening on syslog.socket - Syslog Socket.
[    5.093064] systemd[1]: Listening on systemd-creds.socket - Credential Encryption/Decryption.
[    5.097144] systemd[1]: Listening on systemd-fsckd.socket - fsck to fsckd communication Socket.
[    5.100866] systemd[1]: Listening on systemd-initctl.socket - initctl Compatibility Named Pipe.
[    5.104464] systemd[1]: Listening on systemd-journald-dev-log.socket - Journal Socket (/dev/log).
[    5.107879] systemd[1]: Listening on systemd-journald.socket - Journal Sockets.
[    5.111327] systemd[1]: Listening on systemd-networkd.socket - Network Service Netlink Socket.
[    5.114871] systemd[1]: systemd-pcrextend.socket - TPM PCR Measurements was skipped because of an unmet condition check (ConditionSecurity=measured-uki).
[    5.117553] systemd[1]: systemd-pcrlock.socket - Make TPM PCR Policy was skipped because of an unmet condition check (ConditionSecurity=measured-uki).
[    5.121873] systemd[1]: Listening on systemd-udevd-control.socket - udev Control Socket.
[    5.125316] systemd[1]: Listening on systemd-udevd-kernel.socket - udev Kernel Socket.
[    5.131001] systemd[1]: Mounting dev-hugepages.mount - Huge Pages File System...
[    5.135851] systemd[1]: Mounting dev-mqueue.mount - POSIX Message Queue File System...
[    5.147439] systemd[1]: Mounting run-lock.mount - Legacy Locks Directory /run/lock...
[    5.151530] systemd[1]: Mounting sys-kernel-debug.mount - Kernel Debug File System...
[    5.156123] systemd[1]: Mounting sys-kernel-tracing.mount - Kernel Trace File System...
[    5.161327] systemd[1]: Mounting tmp.mount - Temporary Directory /tmp...
[    5.167878] systemd[1]: Starting systemd-journald.service - Journal Service...
[    5.173225] systemd[1]: Starting keyboard-setup.service - Set the console keyboard layout...
[    5.178727] systemd[1]: Starting kmod-static-nodes.service - Create List of Static Device Nodes...
[    5.185287] systemd[1]: Starting lvm2-monitor.service - Monitoring of LVM2 mirrors, snapshots etc. using dmeventd or progress polling...
[    5.194459] systemd[1]: Starting modprobe@configfs.service - Load Kernel Module configfs...
[    5.198878] systemd-journald[339]: Collecting audit messages is disabled.
[    5.203539] systemd[1]: Starting modprobe@dm_multipath.service - Load Kernel Module dm_multipath...
[    5.213725] systemd[1]: Starting modprobe@drm.service - Load Kernel Module drm...
[    5.218659] systemd[1]: Starting modprobe@efi_pstore.service - Load Kernel Module efi_pstore...
[    5.266401] systemd[1]: Starting modprobe@fuse.service - Load Kernel Module fuse...
[    5.272598] systemd[1]: netplan-ovs-cleanup.service - OpenVSwitch configuration for cleanup was skipped because of an unmet condition check (ConditionFileIsExecutable=/usr/bin/ovs-vsctl).
[    5.279058] systemd[1]: Starting snapd.apparmor.service - Load AppArmor profiles managed internally by snapd...
[    5.283285] systemd[1]: systemd-fsck-root.service - File System Check on Root Device was skipped because of an unmet condition check (ConditionPathExists=!/run/initramfs/fsck-root).
[    5.287330] systemd[1]: systemd-hibernate-clear.service - Clear Stale Hibernate Storage Info was skipped because of an unmet condition check (ConditionPathExists=/sys/firmware/efi/efivars/HibernateLocation-8cf2644b-4b0b-428f-9387-6d876050dc67).
[    5.301531] systemd[1]: Starting systemd-modules-load.service - Load Kernel Modules...
[    5.305160] systemd[1]: systemd-pcrmachine.service - TPM PCR Machine ID Measurement was skipped because of an unmet condition check (ConditionSecurity=measured-uki).
[    5.310390] systemd[1]: Starting systemd-remount-fs.service - Remount Root and Kernel File Systems...
[    5.363628] systemd[1]: systemd-tpm2-setup-early.service - Early TPM SRK Setup was skipped because of an unmet condition check (ConditionSecurity=measured-uki).
[    5.374334] systemd[1]: Starting systemd-udev-load-credentials.service - Load udev Rules from Credentials...
[    5.381898] systemd[1]: Starting systemd-udev-trigger.service - Coldplug All udev Devices...
[    5.396433] systemd[1]: Started systemd-journald.service - Journal Service.
[    5.397737] EXT4-fs (vda1): re-mounted 88dc15c6-7fee-4d93-ab61-4fc00c0180a7 r/w. Quota mode: none.
[    5.623462] systemd-journald[339]: Received client request to flush runtime journal.
[    6.984457] EXT4-fs (vda13): mounted filesystem 237258cf-7101-4c8c-8067-89f9351dbd03 r/w with ordered data mode. Quota mode: none.
[    7.907981] ISO 9660 Extensions: RRIP_1991A
[   11.389091] audit: type=1400 audit(1736666684.384:2): apparmor="STATUS" operation="profile_load" profile="unconfined" name="rsyslogd" pid=734 comm="apparmor_parser"
[   11.639315] loop0: detected capacity change from 0 to 8
[   11.870063] audit: type=1400 audit(1736666684.865:3): apparmor="STATUS" operation="profile_load" profile="unconfined" name="/usr/lib/snapd/snap-confine" pid=843 comm="apparmor_parser"
[   11.871192] audit: type=1400 audit(1736666684.867:4): apparmor="STATUS" operation="profile_load" profile="unconfined" name="/usr/lib/snapd/snap-confine//mount-namespace-capture-helper" pid=843 comm="apparmor_parser"
[   13.392786] bridge: filtering via arp/ip/ip6tables is no longer available by default. Update your scripts to load br_netfilter if you need this.
[ 4180.296031] workqueue: vmstat_shepherd hogged CPU for >13333us 4 times, consider switching to WQ_UNBOUND
[ 4300.719329] workqueue: vmstat_shepherd hogged CPU for >13333us 5 times, consider switching to WQ_UNBOUND
[ 4300.719415] workqueue: vmstat_update hogged CPU for >13333us 4 times, consider switching to WQ_UNBOUND
[ 5944.467834] audit: type=1400 audit(1736672617.817:5): apparmor="STATUS" operation="profile_remove" info="profile does not exist" error=-2 profile="unconfined" name="unprivileged_userns" pid=3548 comm="apparmor_parser"
[ 8604.109295] workqueue: drm_fb_helper_damage_work hogged CPU for >13333us 4 times, consider switching to WQ_UNBOUND
[ 8628.909003] workqueue: drm_fb_helper_damage_work hogged CPU for >13333us 5 times, consider switching to WQ_UNBOUND
[ 8762.364372] workqueue: drm_fb_helper_damage_work hogged CPU for >13333us 7 times, consider switching to WQ_UNBOUND
[ 8947.211952] workqueue: drm_fb_helper_damage_work hogged CPU for >13333us 11 times, consider switching to WQ_UNBOUND
[ 9061.546490] audit: type=1400 audit(1736675734.893:6): apparmor="DENIED" operation="userns_create" class="namespace" info="Userns create restricted - failed to find unprivileged_userns profile" error=-13 profile="unconfined" pid=4626 comm="xorgproto:write" requested="userns_create" denied="userns_create" target="unprivileged_userns"
[ 9061.615381] audit: type=1400 audit(1736675734.961:7): apparmor="DENIED" operation="userns_create" class="namespace" info="Userns create restricted - failed to find unprivileged_userns profile" error=-13 profile="unconfined" pid=4625 comm="glib-2.0:write_" requested="userns_create" denied="userns_create" target="unprivileged_userns"
[ 9061.664000] audit: type=1400 audit(1736675735.010:8): apparmor="DENIED" operation="userns_create" class="namespace" info="Userns create restricted - failed to find unprivileged_userns profile" error=-13 profile="unconfined" pid=4628 comm="pixman:write_co" requested="userns_create" denied="userns_create" target="unprivileged_userns"
[ 9061.707909] audit: type=1400 audit(1736675735.054:9): apparmor="DENIED" operation="userns_create" class="namespace" info="Userns create restricted - failed to find unprivileged_userns profile" error=-13 profile="unconfined" pid=4627 comm="gobject-introsp" requested="userns_create" denied="userns_create" target="unprivileged_userns"
[ 9062.325997] audit: type=1400 audit(1736675735.672:10): apparmor="DENIED" operation="userns_create" class="namespace" info="Userns create restricted - failed to find unprivileged_userns profile" error=-13 profile="unconfined" pid=4670 comm="libmodulemd:wri" requested="userns_create" denied="userns_create" target="unprivileged_userns"
[ 9062.340522] audit: type=1400 audit(1736675735.687:11): apparmor="DENIED" operation="userns_create" class="namespace" info="Userns create restricted - failed to find unprivileged_userns profile" error=-13 profile="unconfined" pid=4663 comm="cairo:write_con" requested="userns_create" denied="userns_create" target="unprivileged_userns"
[ 9062.507314] audit: type=1400 audit(1736675735.808:12): apparmor="DENIED" operation="userns_create" class="namespace" info="Userns create restricted - failed to find unprivileged_userns profile" error=-13 profile="unconfined" pid=4687 comm="python3-pycairo" requested="userns_create" denied="userns_create" target="unprivileged_userns"
[ 9062.620762] audit: type=1400 audit(1736675735.967:13): apparmor="DENIED" operation="userns_create" class="namespace" info="Userns create restricted - failed to find unprivileged_userns profile" error=-13 profile="unconfined" pid=4688 comm="shared-mime-inf" requested="userns_create" denied="userns_create" target="unprivileged_userns"
[ 9063.028751] audit: type=1400 audit(1736675736.375:14): apparmor="DENIED" operation="userns_create" class="namespace" info="Userns create restricted - failed to find unprivileged_userns profile" error=-13 profile="unconfined" pid=4718 comm="python3-pygobje" requested="userns_create" denied="userns_create" target="unprivileged_userns"
[ 9063.061748] audit: type=1400 audit(1736675736.408:15): apparmor="DENIED" operation="userns_create" class="namespace" info="Userns create restricted - failed to find unprivileged_userns profile" error=-13 profile="unconfined" pid=4720 comm="python3-dbus:wr" requested="userns_create" denied="userns_create" target="unprivileged_userns"
[ 9067.911318] kauditd_printk_skb: 2 callbacks suppressed
[ 9067.911358] audit: type=1400 audit(1736675741.257:18): apparmor="DENIED" operation="userns_create" class="namespace" info="Userns create restricted - failed to find unprivileged_userns profile" error=-13 profile="unconfined" pid=4937 comm="util-macros:pre" requested="userns_create" denied="userns_create" target="unprivileged_userns"
[ 9068.040303] audit: type=1400 audit(1736675741.386:19): apparmor="DENIED" operation="userns_create" class="namespace" info="Userns create restricted - failed to find unprivileged_userns profile" error=-13 profile="unconfined" pid=4942 comm="xorgproto:prepa" requested="userns_create" denied="userns_create" target="unprivileged_userns"
[ 9068.328425] audit: type=1400 audit(1736675741.674:20): apparmor="DENIED" operation="userns_create" class="namespace" info="Userns create restricted - failed to find unprivileged_userns profile" error=-13 profile="unconfined" pid=4960 comm="popt:prepare_re" requested="userns_create" denied="userns_create" target="unprivileged_userns"
[ 9068.333598] audit: type=1400 audit(1736675741.680:21): apparmor="DENIED" operation="userns_create" class="namespace" info="Userns create restricted - failed to find unprivileged_userns profile" error=-13 profile="unconfined" pid=4959 comm="glib-2.0:prepar" requested="userns_create" denied="userns_create" target="unprivileged_userns"
[ 9069.018344] audit: type=1400 audit(1736675742.364:22): apparmor="DENIED" operation="userns_create" class="namespace" info="Userns create restricted - failed to find unprivileged_userns profile" error=-13 profile="unconfined" pid=4981 comm="util-macros:unp" requested="userns_create" denied="userns_create" target="unprivileged_userns"
[ 9069.155154] audit: type=1400 audit(1736675742.500:23): apparmor="DENIED" operation="userns_create" class="namespace" info="Userns create restricted - failed to find unprivileged_userns profile" error=-13 profile="unconfined" pid=4994 comm="xorgproto:unpac" requested="userns_create" denied="userns_create" target="unprivileged_userns"
[ 9069.548390] audit: type=1400 audit(1736675742.893:24): apparmor="DENIED" operation="userns_create" class="namespace" info="Userns create restricted - failed to find unprivileged_userns profile" error=-13 profile="unconfined" pid=5010 comm="util-macros:col" requested="userns_create" denied="userns_create" target="unprivileged_userns"
[ 9070.118422] audit: type=1400 audit(1736675743.465:25): apparmor="DENIED" operation="userns_create" class="namespace" info="Userns create restricted - failed to find unprivileged_userns profile" error=-13 profile="unconfined" pid=5045 comm="glib-2.0:unpack" requested="userns_create" denied="userns_create" target="unprivileged_userns"
[ 9070.120382] audit: type=1400 audit(1736675743.467:26): apparmor="DENIED" operation="userns_create" class="namespace" info="Userns create restricted - failed to find unprivileged_userns profile" error=-13 profile="unconfined" pid=5044 comm="util-macros:pat" requested="userns_create" denied="userns_create" target="unprivileged_userns"
[ 9070.254027] audit: type=1400 audit(1736675743.600:27): apparmor="DENIED" operation="userns_create" class="namespace" info="Userns create restricted - failed to find unprivileged_userns profile" error=-13 profile="unconfined" pid=5054 comm="popt:unpack" requested="userns_create" denied="userns_create" target="unprivileged_userns"
[ 9072.957346] kauditd_printk_skb: 5 callbacks suppressed
[ 9072.957353] audit: type=1400 audit(1736675746.304:33): apparmor="DENIED" operation="userns_create" class="namespace" info="Userns create restricted - failed to find unprivileged_userns profile" error=-13 profile="unconfined" pid=5374 comm="glib-2.0:collec" requested="userns_create" denied="userns_create" target="unprivileged_userns"
[ 9073.733918] audit: type=1400 audit(1736675747.080:34): apparmor="DENIED" operation="userns_create" class="namespace" info="Userns create restricted - failed to find unprivileged_userns profile" error=-13 profile="unconfined" pid=5455 comm="glib-2.0:patch" requested="userns_create" denied="userns_create" target="unprivileged_userns"
[ 9073.754919] audit: type=1400 audit(1736675747.101:35): apparmor="DENIED" operation="userns_create" class="namespace" info="Userns create restricted - failed to find unprivileged_userns profile" error=-13 profile="unconfined" pid=5463 comm="xorgproto:confi" requested="userns_create" denied="userns_create" target="unprivileged_userns"
[ 9074.007188] audit: type=1400 audit(1736675747.354:36): apparmor="DENIED" operation="userns_create" class="namespace" info="Userns create restricted - failed to find unprivileged_userns profile" error=-13 profile="unconfined" pid=5486 comm="popt:configure" requested="userns_create" denied="userns_create" target="unprivileged_userns"
[ 9078.444175] audit: type=1400 audit(1736675751.790:37): apparmor="DENIED" operation="userns_create" class="namespace" info="Userns create restricted - failed to find unprivileged_userns profile" error=-13 profile="unconfined" pid=6701 comm="glib-2.0:config" requested="userns_create" denied="userns_create" target="unprivileged_userns"
[ 9079.613326] audit: type=1400 audit(1736675752.960:38): apparmor="DENIED" operation="userns_create" class="namespace" info="Userns create restricted - failed to find unprivileged_userns profile" error=-13 profile="unconfined" pid=6955 comm="util-macros:com" requested="userns_create" denied="userns_create" target="unprivileged_userns"
[ 9082.015747] audit: type=1400 audit(1736675755.362:39): apparmor="DENIED" operation="userns_create" class="namespace" info="Userns create restricted - failed to find unprivileged_userns profile" error=-13 profile="unconfined" pid=7346 comm="util-macros:ins" requested="userns_create" denied="userns_create" target="unprivileged_userns"
[ 9082.042111] audit: type=1400 audit(1736675755.388:40): apparmor="DENIED" operation="userns_create" class="namespace" info="Userns create restricted - failed to find unprivileged_userns profile" error=-13 profile="unconfined" pid=7349 comm="xorgproto:compi" requested="userns_create" denied="userns_create" target="unprivileged_userns"
[ 9086.814814] audit: type=1400 audit(1736675760.157:41): apparmor="DENIED" operation="userns_create" class="namespace" info="Userns create restricted - failed to find unprivileged_userns profile" error=-13 profile="unconfined" pid=7675 comm="xorgproto:insta" requested="userns_create" denied="userns_create" target="unprivileged_userns"
[ 9093.425670] audit: type=1400 audit(1736675766.772:42): apparmor="DENIED" operation="userns_create" class="namespace" info="Userns create restricted - failed to find unprivileged_userns profile" error=-13 profile="unconfined" pid=8633 comm="util-macros:rm_" requested="userns_create" denied="userns_create" target="unprivileged_userns"
[ 9101.313279] audit: type=1400 audit(1736675774.660:43): apparmor="DENIED" operation="userns_create" class="namespace" info="Userns create restricted - failed to find unprivileged_userns profile" error=-13 profile="unconfined" pid=9980 comm="lua:prepare_rec" requested="userns_create" denied="userns_create" target="unprivileged_userns"
[ 9101.810390] audit: type=1400 audit(1736675775.157:44): apparmor="DENIED" operation="userns_create" class="namespace" info="Userns create restricted - failed to find unprivileged_userns profile" error=-13 profile="unconfined" pid=10086 comm="xorgproto:rm_wo" requested="userns_create" denied="userns_create" target="unprivileged_userns"
[ 9102.146115] audit: type=1400 audit(1736675775.492:45): apparmor="DENIED" operation="userns_create" class="namespace" info="Userns create restricted - failed to find unprivileged_userns profile" error=-13 profile="unconfined" pid=10175 comm="lua:unpack" requested="userns_create" denied="userns_create" target="unprivileged_userns"
[ 9102.858246] audit: type=1400 audit(1736675776.204:46): apparmor="DENIED" operation="userns_create" class="namespace" info="Userns create restricted - failed to find unprivileged_userns profile" error=-13 profile="unconfined" pid=10396 comm="lua:collect_spd" requested="userns_create" denied="userns_create" target="unprivileged_userns"
[ 9103.040064] audit: type=1400 audit(1736675776.386:47): apparmor="DENIED" operation="userns_create" class="namespace" info="Userns create restricted - failed to find unprivileged_userns profile" error=-13 profile="unconfined" pid=10447 comm="lua:patch" requested="userns_create" denied="userns_create" target="unprivileged_userns"
[ 9104.834683] audit: type=1400 audit(1736675778.181:48): apparmor="DENIED" operation="userns_create" class="namespace" info="Userns create restricted - failed to find unprivileged_userns profile" error=-13 profile="unconfined" pid=11229 comm="xtrans:prepare_" requested="userns_create" denied="userns_create" target="unprivileged_userns"
[ 9105.117683] audit: type=1400 audit(1736675778.464:49): apparmor="DENIED" operation="userns_create" class="namespace" info="Userns create restricted - failed to find unprivileged_userns profile" error=-13 profile="unconfined" pid=11338 comm="lua:configure" requested="userns_create" denied="userns_create" target="unprivileged_userns"
[ 9105.743182] audit: type=1400 audit(1736675779.088:50): apparmor="DENIED" operation="userns_create" class="namespace" info="Userns create restricted - failed to find unprivileged_userns profile" error=-13 profile="unconfined" pid=11523 comm="lua:configure_p" requested="userns_create" denied="userns_create" target="unprivileged_userns"
[ 9105.848316] audit: type=1400 audit(1736675779.195:51): apparmor="DENIED" operation="userns_create" class="namespace" info="Userns create restricted - failed to find unprivileged_userns profile" error=-13 profile="unconfined" pid=11530 comm="xtrans:unpack" requested="userns_create" denied="userns_create" target="unprivileged_userns"
[ 9106.234127] audit: type=1400 audit(1736675779.580:52): apparmor="DENIED" operation="userns_create" class="namespace" info="Userns create restricted - failed to find unprivileged_userns profile" error=-13 profile="unconfined" pid=11559 comm="popt:configure_" requested="userns_create" denied="userns_create" target="unprivileged_userns"
[ 9106.319181] audit: type=1400 audit(1736675779.665:53): apparmor="DENIED" operation="userns_create" class="namespace" info="Userns create restricted - failed to find unprivileged_userns profile" error=-13 profile="unconfined" pid=11578 comm="lua:compile" requested="userns_create" denied="userns_create" target="unprivileged_userns"
[ 9106.537012] audit: type=1400 audit(1736675779.883:54): apparmor="DENIED" operation="userns_create" class="namespace" info="Userns create restricted - failed to find unprivileged_userns profile" error=-13 profile="unconfined" pid=11597 comm="xtrans:collect_" requested="userns_create" denied="userns_create" target="unprivileged_userns"
[ 9106.830171] audit: type=1400 audit(1736675780.176:55): apparmor="DENIED" operation="userns_create" class="namespace" info="Userns create restricted - failed to find unprivileged_userns profile" error=-13 profile="unconfined" pid=11632 comm="popt:compile" requested="userns_create" denied="userns_create" target="unprivileged_userns"
[ 9107.814302] audit: type=1400 audit(1736675781.161:56): apparmor="DENIED" operation="userns_create" class="namespace" info="Userns create restricted - failed to find unprivileged_userns profile" error=-13 profile="unconfined" pid=11717 comm="xtrans:patch" requested="userns_create" denied="userns_create" target="unprivileged_userns"
[ 9114.415600] audit: type=1400 audit(1736675787.762:57): apparmor="DENIED" operation="userns_create" class="namespace" info="Userns create restricted - failed to find unprivileged_userns profile" error=-13 profile="unconfined" pid=12163 comm="xtrans:configur" requested="userns_create" denied="userns_create" target="unprivileged_userns"
[ 9118.022788] audit: type=1400 audit(1736675791.369:58): apparmor="DENIED" operation="userns_create" class="namespace" info="Userns create restricted - failed to find unprivileged_userns profile" error=-13 profile="unconfined" pid=12644 comm="popt:compile_pt" requested="userns_create" denied="userns_create" target="unprivileged_userns"
[ 9118.706585] workqueue: drm_fb_helper_damage_work hogged CPU for >13333us 19 times, consider switching to WQ_UNBOUND
[ 9119.811311] audit: type=1400 audit(1736675793.158:59): apparmor="DENIED" operation="userns_create" class="namespace" info="Userns create restricted - failed to find unprivileged_userns profile" error=-13 profile="unconfined" pid=12713 comm="popt:install" requested="userns_create" denied="userns_create" target="unprivileged_userns"
[ 9123.625579] audit: type=1400 audit(1736675796.973:60): apparmor="DENIED" operation="userns_create" class="namespace" info="Userns create restricted - failed to find unprivileged_userns profile" error=-13 profile="unconfined" pid=13228 comm="lua:compile_pte" requested="userns_create" denied="userns_create" target="unprivileged_userns"
[ 9123.926599] audit: type=1400 audit(1736675797.274:61): apparmor="DENIED" operation="userns_create" class="namespace" info="Userns create restricted - failed to find unprivileged_userns profile" error=-13 profile="unconfined" pid=13255 comm="popt:install_pt" requested="userns_create" denied="userns_create" target="unprivileged_userns"
[ 9124.424989] audit: type=1400 audit(1736675797.772:62): apparmor="DENIED" operation="userns_create" class="namespace" info="Userns create restricted - failed to find unprivileged_userns profile" error=-13 profile="unconfined" pid=13287 comm="lua:install" requested="userns_create" denied="userns_create" target="unprivileged_userns"
[ 9128.034786] audit: type=1400 audit(1736675801.382:63): apparmor="DENIED" operation="userns_create" class="namespace" info="Userns create restricted - failed to find unprivileged_userns profile" error=-13 profile="unconfined" pid=13973 comm="lua:install_pte" requested="userns_create" denied="userns_create" target="unprivileged_userns"
[ 9138.136934] audit: type=1400 audit(1736675811.484:64): apparmor="DENIED" operation="userns_create" class="namespace" info="Userns create restricted - failed to find unprivileged_userns profile" error=-13 profile="unconfined" pid=15609 comm="xtrans:compile" requested="userns_create" denied="userns_create" target="unprivileged_userns"
[ 9138.923267] audit: type=1400 audit(1736675812.271:65): apparmor="DENIED" operation="userns_create" class="namespace" info="Userns create restricted - failed to find unprivileged_userns profile" error=-13 profile="unconfined" pid=15873 comm="xtrans:install" requested="userns_create" denied="userns_create" target="unprivileged_userns"
[ 9141.337387] audit: type=1400 audit(1736675814.685:66): apparmor="DENIED" operation="userns_create" class="namespace" info="Userns create restricted - failed to find unprivileged_userns profile" error=-13 profile="unconfined" pid=16157 comm="xcb-proto:prepa" requested="userns_create" denied="userns_create" target="unprivileged_userns"
[ 9142.456667] audit: type=1400 audit(1736675815.804:67): apparmor="DENIED" operation="userns_create" class="namespace" info="Userns create restricted - failed to find unprivileged_userns profile" error=-13 profile="unconfined" pid=16187 comm="xcb-proto:unpac" requested="userns_create" denied="userns_create" target="unprivileged_userns"
[ 9143.227208] audit: type=1400 audit(1736675816.575:68): apparmor="DENIED" operation="userns_create" class="namespace" info="Userns create restricted - failed to find unprivileged_userns profile" error=-13 profile="unconfined" pid=16272 comm="xcb-proto:colle" requested="userns_create" denied="userns_create" target="unprivileged_userns"
[ 9143.353016] audit: type=1400 audit(1736675816.700:69): apparmor="DENIED" operation="userns_create" class="namespace" info="Userns create restricted - failed to find unprivileged_userns profile" error=-13 profile="unconfined" pid=16299 comm="xcb-proto:patch" requested="userns_create" denied="userns_create" target="unprivileged_userns"
[ 9146.631534] audit: type=1400 audit(1736675819.979:70): apparmor="DENIED" operation="userns_create" class="namespace" info="Userns create restricted - failed to find unprivileged_userns profile" error=-13 profile="unconfined" pid=16772 comm="xcb-proto:confi" requested="userns_create" denied="userns_create" target="unprivileged_userns"
[ 9147.759511] audit: type=1400 audit(1736675821.107:71): apparmor="DENIED" operation="userns_create" class="namespace" info="Userns create restricted - failed to find unprivileged_userns profile" error=-13 profile="unconfined" pid=16892 comm="libxdmcp:prepar" requested="userns_create" denied="userns_create" target="unprivileged_userns"
[ 9148.050067] audit: type=1400 audit(1736675821.396:72): apparmor="DENIED" operation="userns_create" class="namespace" info="Userns create restricted - failed to find unprivileged_userns profile" error=-13 profile="unconfined" pid=16915 comm="xtrans:rm_work" requested="userns_create" denied="userns_create" target="unprivileged_userns"
[ 9148.844368] audit: type=1400 audit(1736675822.192:73): apparmor="DENIED" operation="userns_create" class="namespace" info="Userns create restricted - failed to find unprivileged_userns profile" error=-13 profile="unconfined" pid=17037 comm="libxdmcp:unpack" requested="userns_create" denied="userns_create" target="unprivileged_userns"
[ 9149.722036] audit: type=1400 audit(1736675823.070:74): apparmor="DENIED" operation="userns_create" class="namespace" info="Userns create restricted - failed to find unprivileged_userns profile" error=-13 profile="unconfined" pid=17083 comm="libxdmcp:collec" requested="userns_create" denied="userns_create" target="unprivileged_userns"
[ 9150.216136] audit: type=1400 audit(1736675823.564:75): apparmor="DENIED" operation="userns_create" class="namespace" info="Userns create restricted - failed to find unprivileged_userns profile" error=-13 profile="unconfined" pid=17122 comm="libxdmcp:patch" requested="userns_create" denied="userns_create" target="unprivileged_userns"
[ 9151.141892] audit: type=1400 audit(1736675824.489:76): apparmor="DENIED" operation="userns_create" class="namespace" info="Userns create restricted - failed to find unprivileged_userns profile" error=-13 profile="unconfined" pid=17171 comm="libxau:prepare_" requested="userns_create" denied="userns_create" target="unprivileged_userns"
[ 9152.237850] audit: type=1400 audit(1736675825.585:77): apparmor="DENIED" operation="userns_create" class="namespace" info="Userns create restricted - failed to find unprivileged_userns profile" error=-13 profile="unconfined" pid=17239 comm="libxau:unpack" requested="userns_create" denied="userns_create" target="unprivileged_userns"
[ 9152.737281] audit: type=1400 audit(1736675826.085:78): apparmor="DENIED" operation="userns_create" class="namespace" info="Userns create restricted - failed to find unprivileged_userns profile" error=-13 profile="unconfined" pid=17281 comm="libxdmcp:config" requested="userns_create" denied="userns_create" target="unprivileged_userns"
[ 9153.047784] audit: type=1400 audit(1736675826.395:79): apparmor="DENIED" operation="userns_create" class="namespace" info="Userns create restricted - failed to find unprivileged_userns profile" error=-13 profile="unconfined" pid=17347 comm="libxau:collect_" requested="userns_create" denied="userns_create" target="unprivileged_userns"
[ 9153.338101] workqueue: vmstat_update hogged CPU for >13333us 5 times, consider switching to WQ_UNBOUND
[ 9153.906394] audit: type=1400 audit(1736675827.223:80): apparmor="DENIED" operation="userns_create" class="namespace" info="Userns create restricted - failed to find unprivileged_userns profile" error=-13 profile="unconfined" pid=17491 comm="libxau:patch" requested="userns_create" denied="userns_create" target="unprivileged_userns"
[ 9155.238985] audit: type=1400 audit(1736675828.587:81): apparmor="DENIED" operation="userns_create" class="namespace" info="Userns create restricted - failed to find unprivileged_userns profile" error=-13 profile="unconfined" pid=17738 comm="xcb-proto:compi" requested="userns_create" denied="userns_create" target="unprivileged_userns"
[ 9156.037705] audit: type=1400 audit(1736675829.385:82): apparmor="DENIED" operation="userns_create" class="namespace" info="Userns create restricted - failed to find unprivileged_userns profile" error=-13 profile="unconfined" pid=17788 comm="xcb-proto:insta" requested="userns_create" denied="userns_create" target="unprivileged_userns"
[ 9156.719197] audit: type=1400 audit(1736675830.061:83): apparmor="DENIED" operation="userns_create" class="namespace" info="Userns create restricted - failed to find unprivileged_userns profile" error=-13 profile="unconfined" pid=17828 comm="libxau:configur" requested="userns_create" denied="userns_create" target="unprivileged_userns"
[ 9156.961316] audit: type=1400 audit(1736675830.309:84): apparmor="DENIED" operation="userns_create" class="namespace" info="Userns create restricted - failed to find unprivileged_userns profile" error=-13 profile="unconfined" pid=17846 comm="glib-2.0:config" requested="userns_create" denied="userns_create" target="unprivileged_userns"
[ 9157.727144] audit: type=1400 audit(1736675831.075:85): apparmor="DENIED" operation="userns_create" class="namespace" info="Userns create restricted - failed to find unprivileged_userns profile" error=-13 profile="unconfined" pid=17908 comm="glib-2.0:compil" requested="userns_create" denied="userns_create" target="unprivileged_userns"
[ 9186.732911] audit: type=1400 audit(1736675860.081:86): apparmor="DENIED" operation="userns_create" class="namespace" info="Userns create restricted - failed to find unprivileged_userns profile" error=-13 profile="unconfined" pid=20264 comm="xcb-proto:rm_wo" requested="userns_create" denied="userns_create" target="unprivileged_userns"
[ 9191.527246] audit: type=1400 audit(1736675864.875:87): apparmor="DENIED" operation="userns_create" class="namespace" info="Userns create restricted - failed to find unprivileged_userns profile" error=-13 profile="unconfined" pid=20847 comm="libpthread-stub" requested="userns_create" denied="userns_create" target="unprivileged_userns"
[ 9192.845414] audit: type=1400 audit(1736675866.193:88): apparmor="DENIED" operation="userns_create" class="namespace" info="Userns create restricted - failed to find unprivileged_userns profile" error=-13 profile="unconfined" pid=21000 comm="libpthread-stub" requested="userns_create" denied="userns_create" target="unprivileged_userns"
[ 9194.214906] audit: type=1400 audit(1736675867.563:89): apparmor="DENIED" operation="userns_create" class="namespace" info="Userns create restricted - failed to find unprivileged_userns profile" error=-13 profile="unconfined" pid=21097 comm="libpthread-stub" requested="userns_create" denied="userns_create" target="unprivileged_userns"
[ 9195.115969] audit: type=1400 audit(1736675868.464:90): apparmor="DENIED" operation="userns_create" class="namespace" info="Userns create restricted - failed to find unprivileged_userns profile" error=-13 profile="unconfined" pid=21159 comm="libpthread-stub" requested="userns_create" denied="userns_create" target="unprivileged_userns"
[ 9198.638813] audit: type=1400 audit(1736675871.987:91): apparmor="DENIED" operation="userns_create" class="namespace" info="Userns create restricted - failed to find unprivileged_userns profile" error=-13 profile="unconfined" pid=21522 comm="libpthread-stub" requested="userns_create" denied="userns_create" target="unprivileged_userns"
[ 9214.720473] audit: type=1400 audit(1736675888.068:92): apparmor="DENIED" operation="userns_create" class="namespace" info="Userns create restricted - failed to find unprivileged_userns profile" error=-13 profile="unconfined" pid=24023 comm="libxdmcp:compil" requested="userns_create" denied="userns_create" target="unprivileged_userns"
[ 9219.047436] audit: type=1400 audit(1736675892.392:93): apparmor="DENIED" operation="userns_create" class="namespace" info="Userns create restricted - failed to find unprivileged_userns profile" error=-13 profile="unconfined" pid=24928 comm="libxau:compile" requested="userns_create" denied="userns_create" target="unprivileged_userns"
[ 9220.353037] audit: type=1400 audit(1736675893.700:94): apparmor="DENIED" operation="userns_create" class="namespace" info="Userns create restricted - failed to find unprivileged_userns profile" error=-13 profile="unconfined" pid=25084 comm="libxdmcp:instal" requested="userns_create" denied="userns_create" target="unprivileged_userns"
[ 9224.138525] audit: type=1400 audit(1736675897.485:95): apparmor="DENIED" operation="userns_create" class="namespace" info="Userns create restricted - failed to find unprivileged_userns profile" error=-13 profile="unconfined" pid=25803 comm="libpthread-stub" requested="userns_create" denied="userns_create" target="unprivileged_userns"
[ 9225.714018] audit: type=1400 audit(1736675899.061:96): apparmor="DENIED" operation="userns_create" class="namespace" info="Userns create restricted - failed to find unprivileged_userns profile" error=-13 profile="unconfined" pid=25852 comm="libxau:install" requested="userns_create" denied="userns_create" target="unprivileged_userns"
[ 9227.426086] audit: type=1400 audit(1736675900.773:97): apparmor="DENIED" operation="userns_create" class="namespace" info="Userns create restricted - failed to find unprivileged_userns profile" error=-13 profile="unconfined" pid=25943 comm="libpthread-stub" requested="userns_create" denied="userns_create" target="unprivileged_userns"
[ 9248.446482] audit: type=1400 audit(1736675921.793:98): apparmor="DENIED" operation="userns_create" class="namespace" info="Userns create restricted - failed to find unprivileged_userns profile" error=-13 profile="unconfined" pid=27172 comm="libxdmcp:rm_wor" requested="userns_create" denied="userns_create" target="unprivileged_userns"
[ 9257.314037] audit: type=1400 audit(1736675930.661:99): apparmor="DENIED" operation="userns_create" class="namespace" info="Userns create restricted - failed to find unprivileged_userns profile" error=-13 profile="unconfined" pid=27818 comm="libxau:rm_work" requested="userns_create" denied="userns_create" target="unprivileged_userns"
[ 9257.718312] audit: type=1400 audit(1736675931.065:100): apparmor="DENIED" operation="userns_create" class="namespace" info="Userns create restricted - failed to find unprivileged_userns profile" error=-13 profile="unconfined" pid=27823 comm="libpthread-stub" requested="userns_create" denied="userns_create" target="unprivileged_userns"
[ 9258.535998] audit: type=1400 audit(1736675931.883:101): apparmor="DENIED" operation="userns_create" class="namespace" info="Userns create restricted - failed to find unprivileged_userns profile" error=-13 profile="unconfined" pid=27874 comm="libxml2:prepare" requested="userns_create" denied="userns_create" target="unprivileged_userns"
[ 9259.939962] audit: type=1400 audit(1736675933.287:102): apparmor="DENIED" operation="userns_create" class="namespace" info="Userns create restricted - failed to find unprivileged_userns profile" error=-13 profile="unconfined" pid=28068 comm="libxml2:unpack" requested="userns_create" denied="userns_create" target="unprivileged_userns"
[ 9261.914281] audit: type=1400 audit(1736675935.261:103): apparmor="DENIED" operation="userns_create" class="namespace" info="Userns create restricted - failed to find unprivileged_userns profile" error=-13 profile="unconfined" pid=28188 comm="libxcb:unpack" requested="userns_create" denied="userns_create" target="unprivileged_userns"
[ 9262.012725] audit: type=1400 audit(1736675935.360:104): apparmor="DENIED" operation="userns_create" class="namespace" info="Userns create restricted - failed to find unprivileged_userns profile" error=-13 profile="unconfined" pid=28187 comm="libxcb:prepare_" requested="userns_create" denied="userns_create" target="unprivileged_userns"
[ 9263.536205] audit: type=1400 audit(1736675936.883:105): apparmor="DENIED" operation="userns_create" class="namespace" info="Userns create restricted - failed to find unprivileged_userns profile" error=-13 profile="unconfined" pid=28224 comm="libxcb:collect_" requested="userns_create" denied="userns_create" target="unprivileged_userns"
[ 9263.543213] audit: type=1400 audit(1736675936.890:106): apparmor="DENIED" operation="userns_create" class="namespace" info="Userns create restricted - failed to find unprivileged_userns profile" error=-13 profile="unconfined" pid=28225 comm="libxcb:patch" requested="userns_create" denied="userns_create" target="unprivileged_userns"
[ 9265.416640] audit: type=1400 audit(1736675938.764:107): apparmor="DENIED" operation="userns_create" class="namespace" info="Userns create restricted - failed to find unprivileged_userns profile" error=-13 profile="unconfined" pid=28340 comm="libxml2:collect" requested="userns_create" denied="userns_create" target="unprivileged_userns"
[ 9267.606900] audit: type=1400 audit(1736675940.954:108): apparmor="DENIED" operation="userns_create" class="namespace" info="Userns create restricted - failed to find unprivileged_userns profile" error=-13 profile="unconfined" pid=28423 comm="libxml2:patch" requested="userns_create" denied="userns_create" target="unprivileged_userns"
[ 9267.941198] audit: type=1400 audit(1736675941.288:109): apparmor="DENIED" operation="userns_create" class="namespace" info="Userns create restricted - failed to find unprivileged_userns profile" error=-13 profile="unconfined" pid=28413 comm="libxcb:configur" requested="userns_create" denied="userns_create" target="unprivileged_userns"
[ 9271.725770] audit: type=1400 audit(1736675945.069:110): apparmor="DENIED" operation="userns_create" class="namespace" info="Userns create restricted - failed to find unprivileged_userns profile" error=-13 profile="unconfined" pid=28611 comm="libx11:unpack" requested="userns_create" denied="userns_create" target="unprivileged_userns"
[ 9273.106365] audit: type=1400 audit(1736675946.409:111): apparmor="DENIED" operation="userns_create" class="namespace" info="Userns create restricted - failed to find unprivileged_userns profile" error=-13 profile="unconfined" pid=28649 comm="libxml2:configu" requested="userns_create" denied="userns_create" target="unprivileged_userns"
[ 9275.528008] audit: type=1400 audit(1736675948.875:112): apparmor="DENIED" operation="userns_create" class="namespace" info="Userns create restricted - failed to find unprivileged_userns profile" error=-13 profile="unconfined" pid=28684 comm="libx11:patch" requested="userns_create" denied="userns_create" target="unprivileged_userns"
[ 9285.030454] audit: type=1400 audit(1736675958.378:113): apparmor="DENIED" operation="userns_create" class="namespace" info="Userns create restricted - failed to find unprivileged_userns profile" error=-13 profile="unconfined" pid=29404 comm="libpng:prepare_" requested="userns_create" denied="userns_create" target="unprivileged_userns"
[ 9287.155746] audit: type=1400 audit(1736675960.503:114): apparmor="DENIED" operation="userns_create" class="namespace" info="Userns create restricted - failed to find unprivileged_userns profile" error=-13 profile="unconfined" pid=29443 comm="libpng:unpack" requested="userns_create" denied="userns_create" target="unprivileged_userns"
[ 9289.546092] audit: type=1400 audit(1736675962.893:115): apparmor="DENIED" operation="userns_create" class="namespace" info="Userns create restricted - failed to find unprivileged_userns profile" error=-13 profile="unconfined" pid=29772 comm="libpng:collect_" requested="userns_create" denied="userns_create" target="unprivileged_userns"
[ 9291.155712] audit: type=1400 audit(1736675964.503:116): apparmor="DENIED" operation="userns_create" class="namespace" info="Userns create restricted - failed to find unprivileged_userns profile" error=-13 profile="unconfined" pid=29868 comm="libpng:patch" requested="userns_create" denied="userns_create" target="unprivileged_userns"
[ 9296.538671] audit: type=1400 audit(1736675969.886:117): apparmor="DENIED" operation="userns_create" class="namespace" info="Userns create restricted - failed to find unprivileged_userns profile" error=-13 profile="unconfined" pid=30078 comm="libpng:configur" requested="userns_create" denied="userns_create" target="unprivileged_userns"
[ 9344.406083] workqueue: drm_fb_helper_damage_work hogged CPU for >13333us 35 times, consider switching to WQ_UNBOUND
[ 9344.733369] audit: type=1400 audit(1736676018.082:118): apparmor="DENIED" operation="userns_create" class="namespace" info="Userns create restricted - failed to find unprivileged_userns profile" error=-13 profile="unconfined" pid=35869 comm="libxml2:configu" requested="userns_create" denied="userns_create" target="unprivileged_userns"
[ 9346.136959] audit: type=1400 audit(1736676019.485:119): apparmor="DENIED" operation="userns_create" class="namespace" info="Userns create restricted - failed to find unprivileged_userns profile" error=-13 profile="unconfined" pid=36155 comm="libxml2:compile" requested="userns_create" denied="userns_create" target="unprivileged_userns"
[ 9353.245635] audit: type=1400 audit(1736676026.594:120): apparmor="DENIED" operation="userns_create" class="namespace" info="Userns create restricted - failed to find unprivileged_userns profile" error=-13 profile="unconfined" pid=37482 comm="libpng:compile" requested="userns_create" denied="userns_create" target="unprivileged_userns"
[ 9365.441602] audit: type=1400 audit(1736676038.790:121): apparmor="DENIED" operation="userns_create" class="namespace" info="Userns create restricted - failed to find unprivileged_userns profile" error=-13 profile="unconfined" pid=38583 comm="libxcb:compile" requested="userns_create" denied="userns_create" target="unprivileged_userns"
[ 9441.827705] audit: type=1400 audit(1736676115.176:122): apparmor="DENIED" operation="userns_create" class="namespace" info="Userns create restricted - failed to find unprivileged_userns profile" error=-13 profile="unconfined" pid=42541 comm="libpng:install" requested="userns_create" denied="userns_create" target="unprivileged_userns"
[ 9468.623387] audit: type=1400 audit(1736676141.971:123): apparmor="DENIED" operation="userns_create" class="namespace" info="Userns create restricted - failed to find unprivileged_userns profile" error=-13 profile="unconfined" pid=45284 comm="libxcb:install" requested="userns_create" denied="userns_create" target="unprivileged_userns"
[ 9493.343887] audit: type=1400 audit(1736676166.692:124): apparmor="DENIED" operation="userns_create" class="namespace" info="Userns create restricted - failed to find unprivileged_userns profile" error=-13 profile="unconfined" pid=46800 comm="libpng:rm_work" requested="userns_create" denied="userns_create" target="unprivileged_userns"
[ 9500.716277] audit: type=1400 audit(1736676174.063:125): apparmor="DENIED" operation="userns_create" class="namespace" info="Userns create restricted - failed to find unprivileged_userns profile" error=-13 profile="unconfined" pid=47221 comm="libx11:prepare_" requested="userns_create" denied="userns_create" target="unprivileged_userns"
[ 9504.011967] audit: type=1400 audit(1736676177.360:126): apparmor="DENIED" operation="userns_create" class="namespace" info="Userns create restricted - failed to find unprivileged_userns profile" error=-13 profile="unconfined" pid=47337 comm="libx11:configur" requested="userns_create" denied="userns_create" target="unprivileged_userns"
[ 9524.748974] audit: type=1400 audit(1736676198.097:127): apparmor="DENIED" operation="userns_create" class="namespace" info="Userns create restricted - failed to find unprivileged_userns profile" error=-13 profile="unconfined" pid=47886 comm="libxml2:compile" requested="userns_create" denied="userns_create" target="unprivileged_userns"
[ 9526.748315] audit: type=1400 audit(1736676200.097:128): apparmor="DENIED" operation="userns_create" class="namespace" info="Userns create restricted - failed to find unprivileged_userns profile" error=-13 profile="unconfined" pid=47921 comm="libxml2:install" requested="userns_create" denied="userns_create" target="unprivileged_userns"
[ 9537.104982] workqueue: blk_mq_run_work_fn hogged CPU for >13333us 4 times, consider switching to WQ_UNBOUND
[ 9537.204414] workqueue: blk_mq_run_work_fn hogged CPU for >13333us 5 times, consider switching to WQ_UNBOUND
[ 9542.918079] audit: type=1400 audit(1736676216.267:129): apparmor="DENIED" operation="userns_create" class="namespace" info="Userns create restricted - failed to find unprivileged_userns profile" error=-13 profile="unconfined" pid=49251 comm="libxml2:install" requested="userns_create" denied="userns_create" target="unprivileged_userns"
[ 9632.648541] audit: type=1400 audit(1736676305.997:130): apparmor="DENIED" operation="userns_create" class="namespace" info="Userns create restricted - failed to find unprivileged_userns profile" error=-13 profile="unconfined" pid=55235 comm="libx11:collect_" requested="userns_create" denied="userns_create" target="unprivileged_userns"
[ 9633.415771] audit: type=1400 audit(1736676306.765:131): apparmor="DENIED" operation="userns_create" class="namespace" info="Userns create restricted - failed to find unprivileged_userns profile" error=-13 profile="unconfined" pid=55267 comm="glib-2.0:compil" requested="userns_create" denied="userns_create" target="unprivileged_userns"
[ 9633.535091] audit: type=1400 audit(1736676306.884:132): apparmor="DENIED" operation="userns_create" class="namespace" info="Userns create restricted - failed to find unprivileged_userns profile" error=-13 profile="unconfined" pid=55279 comm="libx11:compile" requested="userns_create" denied="userns_create" target="unprivileged_userns"
[ 9634.504275] audit: type=1400 audit(1736676307.854:133): apparmor="DENIED" operation="userns_create" class="namespace" info="Userns create restricted - failed to find unprivileged_userns profile" error=-13 profile="unconfined" pid=55289 comm="glib-2.0:instal" requested="userns_create" denied="userns_create" target="unprivileged_userns"
[ 9641.346560] audit: type=1400 audit(1736676314.696:134): apparmor="DENIED" operation="userns_create" class="namespace" info="Userns create restricted - failed to find unprivileged_userns profile" error=-13 profile="unconfined" pid=56274 comm="libxcb:rm_work" requested="userns_create" denied="userns_create" target="unprivileged_userns"
[ 9645.129439] audit: type=1400 audit(1736676318.478:135): apparmor="DENIED" operation="userns_create" class="namespace" info="Userns create restricted - failed to find unprivileged_userns profile" error=-13 profile="unconfined" pid=57137 comm="json-c:prepare_" requested="userns_create" denied="userns_create" target="unprivileged_userns"
[ 9646.228167] audit: type=1400 audit(1736676319.577:136): apparmor="DENIED" operation="userns_create" class="namespace" info="Userns create restricted - failed to find unprivileged_userns profile" error=-13 profile="unconfined" pid=57487 comm="json-c:unpack" requested="userns_create" denied="userns_create" target="unprivileged_userns"
[ 9646.918176] audit: type=1400 audit(1736676320.267:137): apparmor="DENIED" operation="userns_create" class="namespace" info="Userns create restricted - failed to find unprivileged_userns profile" error=-13 profile="unconfined" pid=57547 comm="json-c:collect_" requested="userns_create" denied="userns_create" target="unprivileged_userns"
[ 9646.954273] audit: type=1400 audit(1736676320.303:138): apparmor="DENIED" operation="userns_create" class="namespace" info="Userns create restricted - failed to find unprivileged_userns profile" error=-13 profile="unconfined" pid=57513 comm="glib-2.0:instal" requested="userns_create" denied="userns_create" target="unprivileged_userns"
[ 9647.554659] audit: type=1400 audit(1736676320.904:139): apparmor="DENIED" operation="userns_create" class="namespace" info="Userns create restricted - failed to find unprivileged_userns profile" error=-13 profile="unconfined" pid=57653 comm="json-c:patch" requested="userns_create" denied="userns_create" target="unprivileged_userns"
[ 9658.412124] audit: type=1400 audit(1736676331.761:140): apparmor="DENIED" operation="userns_create" class="namespace" info="Userns create restricted - failed to find unprivileged_userns profile" error=-13 profile="unconfined" pid=58870 comm="json-c:generate" requested="userns_create" denied="userns_create" target="unprivileged_userns"
[ 9660.208444] audit: type=1400 audit(1736676333.557:141): apparmor="DENIED" operation="userns_create" class="namespace" info="Userns create restricted - failed to find unprivileged_userns profile" error=-13 profile="unconfined" pid=59116 comm="json-c:configur" requested="userns_create" denied="userns_create" target="unprivileged_userns"
[ 9701.203717] workqueue: blk_mq_run_work_fn hogged CPU for >13333us 7 times, consider switching to WQ_UNBOUND
[ 9702.137407] audit: type=1400 audit(1736676375.486:142): apparmor="DENIED" operation="userns_create" class="namespace" info="Userns create restricted - failed to find unprivileged_userns profile" error=-13 profile="unconfined" pid=65389 comm="json-c:configur" requested="userns_create" denied="userns_create" target="unprivileged_userns"
[ 9703.233621] audit: type=1400 audit(1736676376.583:143): apparmor="DENIED" operation="userns_create" class="namespace" info="Userns create restricted - failed to find unprivileged_userns profile" error=-13 profile="unconfined" pid=65554 comm="json-c:compile" requested="userns_create" denied="userns_create" target="unprivileged_userns"
[ 9723.707809] audit: type=1400 audit(1736676397.058:144): apparmor="DENIED" operation="userns_create" class="namespace" info="Userns create restricted - failed to find unprivileged_userns profile" error=-13 profile="unconfined" pid=67243 comm="json-c:compile_" requested="userns_create" denied="userns_create" target="unprivileged_userns"
[ 9724.942231] audit: type=1400 audit(1736676398.293:145): apparmor="DENIED" operation="userns_create" class="namespace" info="Userns create restricted - failed to find unprivileged_userns profile" error=-13 profile="unconfined" pid=67504 comm="json-c:install" requested="userns_create" denied="userns_create" target="unprivileged_userns"
[ 9726.914560] audit: type=1400 audit(1736676400.265:146): apparmor="DENIED" operation="userns_create" class="namespace" info="Userns create restricted - failed to find unprivileged_userns profile" error=-13 profile="unconfined" pid=67907 comm="json-c:install_" requested="userns_create" denied="userns_create" target="unprivileged_userns"
[ 9807.318300] audit: type=1400 audit(1736676480.668:147): apparmor="DENIED" operation="userns_create" class="namespace" info="Userns create restricted - failed to find unprivileged_userns profile" error=-13 profile="unconfined" pid=79544 comm="freetype:prepar" requested="userns_create" denied="userns_create" target="unprivileged_userns"
[ 9810.738398] audit: type=1400 audit(1736676484.088:148): apparmor="DENIED" operation="userns_create" class="namespace" info="Userns create restricted - failed to find unprivileged_userns profile" error=-13 profile="unconfined" pid=79925 comm="freetype:unpack" requested="userns_create" denied="userns_create" target="unprivileged_userns"
[ 9816.433841] audit: type=1400 audit(1736676489.784:149): apparmor="DENIED" operation="userns_create" class="namespace" info="Userns create restricted - failed to find unprivileged_userns profile" error=-13 profile="unconfined" pid=80609 comm="freetype:collec" requested="userns_create" denied="userns_create" target="unprivileged_userns"
[ 9818.440039] audit: type=1400 audit(1736676491.790:150): apparmor="DENIED" operation="userns_create" class="namespace" info="Userns create restricted - failed to find unprivileged_userns profile" error=-13 profile="unconfined" pid=80878 comm="freetype:patch" requested="userns_create" denied="userns_create" target="unprivileged_userns"
[ 9825.440354] audit: type=1400 audit(1736676498.790:151): apparmor="DENIED" operation="userns_create" class="namespace" info="Userns create restricted - failed to find unprivileged_userns profile" error=-13 profile="unconfined" pid=81857 comm="freetype:config" requested="userns_create" denied="userns_create" target="unprivileged_userns"
[ 9844.038974] audit: type=1400 audit(1736676517.389:152): apparmor="DENIED" operation="userns_create" class="namespace" info="Userns create restricted - failed to find unprivileged_userns profile" error=-13 profile="unconfined" pid=86285 comm="libx11:install" requested="userns_create" denied="userns_create" target="unprivileged_userns"
[ 9858.458972] audit: type=1400 audit(1736676531.809:153): apparmor="DENIED" operation="userns_create" class="namespace" info="Userns create restricted - failed to find unprivileged_userns profile" error=-13 profile="unconfined" pid=88484 comm="freetype:compil" requested="userns_create" denied="userns_create" target="unprivileged_userns"
[ 9888.466362] audit: type=1400 audit(1736676561.813:154): apparmor="DENIED" operation="userns_create" class="namespace" info="Userns create restricted - failed to find unprivileged_userns profile" error=-13 profile="unconfined" pid=90638 comm="libice:prepare_" requested="userns_create" denied="userns_create" target="unprivileged_userns"
[ 9890.734883] audit: type=1400 audit(1736676564.085:155): apparmor="DENIED" operation="userns_create" class="namespace" info="Userns create restricted - failed to find unprivileged_userns profile" error=-13 profile="unconfined" pid=90714 comm="libice:unpack" requested="userns_create" denied="userns_create" target="unprivileged_userns"
[ 9892.346927] audit: type=1400 audit(1736676565.697:156): apparmor="DENIED" operation="userns_create" class="namespace" info="Userns create restricted - failed to find unprivileged_userns profile" error=-13 profile="unconfined" pid=90788 comm="libice:collect_" requested="userns_create" denied="userns_create" target="unprivileged_userns"
[ 9893.029250] audit: type=1400 audit(1736676566.380:157): apparmor="DENIED" operation="userns_create" class="namespace" info="Userns create restricted - failed to find unprivileged_userns profile" error=-13 profile="unconfined" pid=90832 comm="libice:patch" requested="userns_create" denied="userns_create" target="unprivileged_userns"
[ 9895.125932] audit: type=1400 audit(1736676568.476:158): apparmor="DENIED" operation="userns_create" class="namespace" info="Userns create restricted - failed to find unprivileged_userns profile" error=-13 profile="unconfined" pid=90944 comm="libassuan:prepa" requested="userns_create" denied="userns_create" target="unprivileged_userns"
[ 9896.318355] audit: type=1400 audit(1736676569.669:159): apparmor="DENIED" operation="userns_create" class="namespace" info="Userns create restricted - failed to find unprivileged_userns profile" error=-13 profile="unconfined" pid=91062 comm="libassuan:unpac" requested="userns_create" denied="userns_create" target="unprivileged_userns"
[ 9904.647610] audit: type=1400 audit(1736676577.998:160): apparmor="DENIED" operation="userns_create" class="namespace" info="Userns create restricted - failed to find unprivileged_userns profile" error=-13 profile="unconfined" pid=91486 comm="libassuan:colle" requested="userns_create" denied="userns_create" target="unprivileged_userns"
[ 9905.535608] audit: type=1400 audit(1736676578.887:161): apparmor="DENIED" operation="userns_create" class="namespace" info="Userns create restricted - failed to find unprivileged_userns profile" error=-13 profile="unconfined" pid=91499 comm="libice:configur" requested="userns_create" denied="userns_create" target="unprivileged_userns"
[ 9907.548473] audit: type=1400 audit(1736676580.900:162): apparmor="DENIED" operation="userns_create" class="namespace" info="Userns create restricted - failed to find unprivileged_userns profile" error=-13 profile="unconfined" pid=91557 comm="libassuan:patch" requested="userns_create" denied="userns_create" target="unprivileged_userns"
[ 9910.508879] audit: type=1400 audit(1736676583.860:163): apparmor="DENIED" operation="userns_create" class="namespace" info="Userns create restricted - failed to find unprivileged_userns profile" error=-13 profile="unconfined" pid=91840 comm="freetype:instal" requested="userns_create" denied="userns_create" target="unprivileged_userns"
[ 9910.547245] audit: type=1400 audit(1736676583.899:164): apparmor="DENIED" operation="userns_create" class="namespace" info="Userns create restricted - failed to find unprivileged_userns profile" error=-13 profile="unconfined" pid=91862 comm="libassuan:confi" requested="userns_create" denied="userns_create" target="unprivileged_userns"
[ 9910.824698] audit: type=1400 audit(1736676584.176:165): apparmor="DENIED" operation="userns_create" class="namespace" info="Userns create restricted - failed to find unprivileged_userns profile" error=-13 profile="unconfined" pid=91870 comm="libx11:rm_work" requested="userns_create" denied="userns_create" target="unprivileged_userns"
[ 9918.321504] audit: type=1400 audit(1736676591.673:166): apparmor="DENIED" operation="userns_create" class="namespace" info="Userns create restricted - failed to find unprivileged_userns profile" error=-13 profile="unconfined" pid=93115 comm="libsm:unpack" requested="userns_create" denied="userns_create" target="unprivileged_userns"
[ 9919.157754] audit: type=1400 audit(1736676592.509:167): apparmor="DENIED" operation="userns_create" class="namespace" info="Userns create restricted - failed to find unprivileged_userns profile" error=-13 profile="unconfined" pid=93168 comm="libsm:patch" requested="userns_create" denied="userns_create" target="unprivileged_userns"
[ 9930.434695] audit: type=1400 audit(1736676603.786:168): apparmor="DENIED" operation="userns_create" class="namespace" info="Userns create restricted - failed to find unprivileged_userns profile" error=-13 profile="unconfined" pid=94855 comm="dbus:unpack" requested="userns_create" denied="userns_create" target="unprivileged_userns"
[ 9930.515088] audit: type=1400 audit(1736676603.867:169): apparmor="DENIED" operation="userns_create" class="namespace" info="Userns create restricted - failed to find unprivileged_userns profile" error=-13 profile="unconfined" pid=94876 comm="freetype:rm_wor" requested="userns_create" denied="userns_create" target="unprivileged_userns"
[ 9931.648794] audit: type=1400 audit(1736676605.000:170): apparmor="DENIED" operation="userns_create" class="namespace" info="Userns create restricted - failed to find unprivileged_userns profile" error=-13 profile="unconfined" pid=95130 comm="dbus:patch" requested="userns_create" denied="userns_create" target="unprivileged_userns"
